 new.exe

 Timestamp is 5ba8d5af (Mon Sep 24 09:16:47 2018)

 Preferred load address is 00400000

 Start         Length     Name                   Class
 0001:00000000 000f6350H .text                   CODE                  
 0002:00000000 00088618H .rdata                  DATA                  
 0002:00088618 000000ecH .CRT$XIC                DATA                  
 0003:00000000 00015280H .data                   DATA                  
 0003:00015280 000000b4H .idata$2                DATA                  
 0003:00015334 00000014H .idata$3                DATA                  
 0003:00015348 00000348H .idata$4                DATA                  
 0003:00015690 00000348H .idata$5                DATA                  
 0003:000159d8 00000dd6H .idata$6                DATA                  
 0003:000167b0 000082ecH .bss                    DATA                  

  Address         Publics by Value              Rva+Base     Lib:Object

 0001:00000050       _HB_FUN_MAIN               00401050 f   new.obj
 0001:00000070       _HB_FUN_PRODUTO            00401070 f   new.obj
 0001:00000090       _HB_FUN_CLIENTE            00401090 f   new.obj
 0001:000000b0       _HB_FUN_FORNECEDOR         004010b0 f   new.obj
 0001:00000250       _HB_FUN_UPROD              00401250 f   new.obj
 0001:00000270       _HB_FUN_ADDPROD            00401270 f   new.obj
 0001:00000290       _HB_FUN_ADDCLI             00401290 f   new.obj
 0001:000002b0       _HB_FUN_ATUCLI             004012b0 f   new.obj
 0001:000002d0       _HB_FUN_ADDFOR             004012d0 f   new.obj
 0001:000002f0       _HB_FUN_ATUAFOR            004012f0 f   new.obj
 0001:00000310       _HB_FUN_GRAVA              00401310 f   new.obj
 0001:00000330       _HB_FUN_APAGA              00401330 f   new.obj
 0001:00000350       _HB_FUN_CREATEDOC          00401350 f   new.obj
 0001:00000370       _HB_FUN_ADDINSERT          00401370 f   new.obj
 0001:00000390       _HB_FUN_ADDREPLACE         00401390 f   new.obj
 0001:000003b0       _HB_FUN_UPSQL              004013b0 f   new.obj
 0001:000003d0       _HB_FUN_DELSQL             004013d0 f   new.obj
 0001:000003f0       _HB_FUN_ORDER              004013f0 f   new.obj
 0001:00000410       _HB_FUN_SQLEXP             00401410 f   new.obj
 0001:00000450       _fixCachePointer           00401450 f   SQL:sqlrdd1.obj
 0001:00000480       _HB_FUN_SR_FIXCACHEPOINTER 00401480 f   SQL:sqlrdd1.obj
 0001:000004c0       _isCachePointerInRange     004014c0 f   SQL:sqlrdd1.obj
 0001:00000520       _searchCacheFWD            00401520 f   SQL:sqlrdd1.obj
 0001:000005e0       _searchCacheBWD            004015e0 f   SQL:sqlrdd1.obj
 0001:000006a0       _readCachePageFWD          004016a0 f   SQL:sqlrdd1.obj
 0001:00000710       _readCachePageBWD          00401710 f   SQL:sqlrdd1.obj
 0001:00000780       _setCurrentFromCache       00401780 f   SQL:sqlrdd1.obj
 0001:00000910       _sqlGetBufferFromCache2    00401910 f   SQL:sqlrdd1.obj
 0001:000011c0       _sqlKeyCompare             004021c0 f   SQL:sqlrdd1.obj
 0001:00001800       _sqlSkipFilter             00402800 f   SQL:sqlrdd1.obj
 0001:00003b40       _startSQLRDDSymbols        00404b40 f   SQL:sqlrdd1.obj
 0001:00004890       _sqlChildEnd               00405890 f   SQL:sqlrdd1.obj
 0001:000048d0       _sqlChildStart             004058d0 f   SQL:sqlrdd1.obj
 0001:00004920       _sqlChildSync              00405920 f   SQL:sqlrdd1.obj
 0001:00004940       _sqlForceRel               00405940 f   SQL:sqlrdd1.obj
 0001:00004b50       _sqlOrderCondition         00405b50 f   SQL:sqlrdd1.obj
 0001:00004f10       _loadTagDefault            00405f10 f   SQL:sqlrdd1.obj
 0001:00006180       _sqlExists                 00407180 f   SQL:sqlrdd1.obj
 0001:00006590       _commonError               00407590 f   SQL:sqlrdd1.obj
 0001:00006630       _HB_FUN_ITEMCMP            00407630 f   SQL:sqlrdd1.obj
 0001:00006690       _iTemCompEqual             00407690 f   SQL:sqlrdd1.obj
 0001:000067e0       _HB_FUN_SR_GETCURRINSTANCEID 004077e0 f   SQL:sqlrdd1.obj
 0001:00006810       _HB_FUN_SQLRDD             00407810 f   SQL:sqlrdd1.obj
 0001:00006820       _HB_FUN_SQLRDD_GETFUNCTABLE 00407820 f   SQL:sqlrdd1.obj
 0001:000069c0       _HB_FUN_SR_SETFOUND        004079c0 f   SQL:sqlrdd1.obj
 0001:00006a70       _HB_FUN_SR_ODBC            00407a70 f   SQL:sqlodbc.obj
 0001:00006d80       _HB_FUN_SR_PGS             00407d80 f   SQL:sqlpgs.obj
 0001:00006fd0       _HB_FUN_SR_INIT            00407fd0 f   SQL:sqlrdd0.obj
 0001:00006ff0       _HB_FUN_SR_GETCNN          00407ff0 f   SQL:sqlrdd0.obj
 0001:00007010       _HB_FUN_SR_CHECKCNN        00408010 f   SQL:sqlrdd0.obj
 0001:00007030       _HB_FUN_SR_GETCONNECTION   00408030 f   SQL:sqlrdd0.obj
 0001:00007050       _HB_FUN_SR_CHECKCONNECTION 00408050 f   SQL:sqlrdd0.obj
 0001:00007070       _HB_FUN_SR_SETNEXTQUERY    00408070 f   SQL:sqlrdd0.obj
 0001:00007090       _HB_FUN_SR_GETSYNTHETICINDEXMINIMUN 00408090 f   SQL:sqlrdd0.obj
 0001:000070b0       _HB_FUN_SR_SETSYNTHETICINDEXMINIMUN 004080b0 f   SQL:sqlrdd0.obj
 0001:000070d0       _HB_FUN_SR_CHECKMGMNTIND   004080d0 f   SQL:sqlrdd0.obj
 0001:000070f0       _HB_FUN_SR_SETSYNTHETICINDEX 004080f0 f   SQL:sqlrdd0.obj
 0001:00007110       _HB_FUN_SR_GETSYNTHETICINDEX 00408110 f   SQL:sqlrdd0.obj
 0001:00007130       _HB_FUN_SR_SETSVINDEX      00408130 f   SQL:sqlrdd0.obj
 0001:00007150       _HB_FUN_SR_GETSVINDEX      00408150 f   SQL:sqlrdd0.obj
 0001:00007170       _HB_FUN_SR_SETFASTOPEN     00408170 f   SQL:sqlrdd0.obj
 0001:00007190       _HB_FUN_SR_SETEXCLUSIVEMANAGEMENT 00408190 f   SQL:sqlrdd0.obj
 0001:000071b0       _HB_FUN_SR_SETTBLSPACEDATA 004081b0 f   SQL:sqlrdd0.obj
 0001:000071d0       _HB_FUN_SR_SETTBLSPACEINDX 004081d0 f   SQL:sqlrdd0.obj
 0001:000071f0       _HB_FUN_SR_SETTBLSPACELOB  004081f0 f   SQL:sqlrdd0.obj
 0001:00007210       _HB_FUN_SR_SETRDDTEMP      00408210 f   SQL:sqlrdd0.obj
 0001:00007230       _HB_FUN_SR_GETFASTOPEN     00408230 f   SQL:sqlrdd0.obj
 0001:00007250       _HB_FUN_SR_GETACTIVECONNECTION 00408250 f   SQL:sqlrdd0.obj
 0001:00007270       _HB_FUN_SR_SETACTIVECONNECTION 00408270 f   SQL:sqlrdd0.obj
 0001:00007290       _HB_FUN_SR_ADDCONNECTION   00408290 f   SQL:sqlrdd0.obj
 0001:000072b0       _HB_FUN_SR_RELOADFIELDMODIFIERS 004082b0 f   SQL:sqlrdd0.obj
 0001:00007310       _HB_FUN_SR_RELOADMLHASH    00408310 f   SQL:sqlrdd0.obj
 0001:00007330       _HB_FUN_ADDTOMLHASH        00408330 f   SQL:sqlrdd0.obj
 0001:00007350       _HB_FUN_GETMLHASH          00408350 f   SQL:sqlrdd0.obj
 0001:00007370       _HB_FUN_SR_ERRORONGOTOTOINVALIDRECORD 00408370 f   SQL:sqlrdd0.obj
 0001:00007390       _HB_FUN_SR_USENULLSFIRST   00408390 f   SQL:sqlrdd0.obj
 0001:000073b0       _HB_FUN_SR_TBLMGMNT        004083b0 f   SQL:sqlrdd0.obj
 0001:000073d0       _HB_FUN_SR_SETTBLMGMNT     004083d0 f   SQL:sqlrdd0.obj
 0001:000073f0       _HB_FUN_SR_EVALFILTERS     004083f0 f   SQL:sqlrdd0.obj
 0001:00007410       _HB_FUN_SR_RECNONAME       00408410 f   SQL:sqlrdd0.obj
 0001:00007430       _HB_FUN_SR_MAXROWCACHE     00408430 f   SQL:sqlrdd0.obj
 0001:00007450       _HB_FUN_SR_FETCHSIZE       00408450 f   SQL:sqlrdd0.obj
 0001:00007470       _HB_FUN_SR_DELETEDNAME     00408470 f   SQL:sqlrdd0.obj
 0001:00007490       _HB_FUN_SR_EXISTTABLE      00408490 f   SQL:sqlrdd0.obj
 0001:000074b0       _HB_FUN_SR_EXISTINDEX      004084b0 f   SQL:sqlrdd0.obj
 0001:000074d0       _HB_FUN_SR_FILE            004084d0 f   SQL:sqlrdd0.obj
 0001:000074f0       _HB_FUN_SR_ENDCONNECTION   004084f0 f   SQL:sqlrdd0.obj
 0001:00007510       _HB_FUN_SR_GETCONNECTIONINFO 00408510 f   SQL:sqlrdd0.obj
 0001:00007530       _HB_FUN_SR_STARTLOG        00408530 f   SQL:sqlrdd0.obj
 0001:00007550       _HB_FUN_SR_STARTTRACE      00408550 f   SQL:sqlrdd0.obj
 0001:00007570       _HB_FUN_SR_STOPLOG         00408570 f   SQL:sqlrdd0.obj
 0001:00007590       _HB_FUN_SR_STOPTRACE       00408590 f   SQL:sqlrdd0.obj
 0001:000075b0       _HB_FUN_SR_SETTIMETRACE    004085b0 f   SQL:sqlrdd0.obj
 0001:000075d0       _HB_FUN_SR_END             004085d0 f   SQL:sqlrdd0.obj
 0001:000075f0       _HB_FUN__SR_UNREGISTER     004085f0 f   SQL:sqlrdd0.obj
 0001:00007610       _HB_FUN__SR_REGISTER       00408610 f   SQL:sqlrdd0.obj
 0001:00007630       _HB_FUN__SR_SCANEXEC       00408630 f   SQL:sqlrdd0.obj
 0001:00007650       _HB_FUN__SR_SCANEXECALL    00408650 f   SQL:sqlrdd0.obj
 0001:00007670       _HB_FUN_SR_GETUNIQUESYSTEMID 00408670 f   SQL:sqlrdd0.obj
 0001:00007690       _HB_FUN_SR_GETINTERNALID   00408690 f   SQL:sqlrdd0.obj
 0001:000076b0       _HB_FUN_SR_SETCOLLATION    004086b0 f   SQL:sqlrdd0.obj
 0001:000076d0       _HB_FUN_SR_DROPINDEX       004086d0 f   SQL:sqlrdd0.obj
 0001:000076f0       _HB_FUN_SR_DROPTABLE       004086f0 f   SQL:sqlrdd0.obj
 0001:00007710       _HB_FUN_SR_LISTINDEX       00408710 f   SQL:sqlrdd0.obj
 0001:00007730       _HB_FUN_SR_RENAMETABLE     00408730 f   SQL:sqlrdd0.obj
 0001:00007750       _HB_FUN_SR_LISTTABLES      00408750 f   SQL:sqlrdd0.obj
 0001:00007770       _HB_FUN_SR_LISTCREATEDTABLES 00408770 f   SQL:sqlrdd0.obj
 0001:00007790       _HB_FUN_SR_SETTOOLSOWNER   00408790 f   SQL:sqlrdd0.obj
 0001:000077b0       _HB_FUN_SR_GETTOOLSOWNER   004087b0 f   SQL:sqlrdd0.obj
 0001:000077d0       _HB_FUN_SR_SETLOCKS        004087d0 f   SQL:sqlrdd0.obj
 0001:000077f0       _HB_FUN_SR_RELEASELOCKS    004087f0 f   SQL:sqlrdd0.obj
 0001:00007810       _HB_FUN_SR_LISTLOCKS       00408810 f   SQL:sqlrdd0.obj
 0001:00007830       _HB_FUN_DETECTDBFROMDSN    00408830 f   SQL:sqlrdd0.obj
 0001:00007850       _HB_FUN_SR_DETECTDBFROMDSN 00408850 f   SQL:sqlrdd0.obj
 0001:00007870       _HB_FUN_SR_VERSION         00408870 f   SQL:sqlrdd0.obj
 0001:000078d0       _sr_isMultilang            004088d0 f   SQL:sqlrdd0.obj
 0001:000078e0       _HB_FUN_SR_SETMULTILANG    004088e0 f   SQL:sqlrdd0.obj
 0001:00007930       _sr_isShutdownProcess      00408930 f   SQL:sqlrdd0.obj
 0001:00007940       _HB_FUN_SR_SETSHUTDOWN     00408940 f   SQL:sqlrdd0.obj
 0001:00007990       _sr_GoTopOnScope           00408990 f   SQL:sqlrdd0.obj
 0001:000079a0       _HB_FUN_SR_SETGOTOPONSCOPE 004089a0 f   SQL:sqlrdd0.obj
 0001:000079f0       _sr_lSerializedAsString    004089f0 f   SQL:sqlrdd0.obj
 0001:00007a00       _HB_FUN_SR_SETSERIALIZEDSTRING 00408a00 f   SQL:sqlrdd0.obj
 0001:00007a50       _sr_lHideRecno             00408a50 f   SQL:sqlrdd0.obj
 0001:00007a60       _HB_FUN_SR_SETHIDERECNO    00408a60 f   SQL:sqlrdd0.obj
 0001:00007ab0       _sr_lHideHistoric          00408ab0 f   SQL:sqlrdd0.obj
 0001:00007ac0       _HB_FUN_SR_SETHIDEHISTORIC 00408ac0 f   SQL:sqlrdd0.obj
 0001:00007b10       _sr_UseDeleteds            00408b10 f   SQL:sqlrdd0.obj
 0001:00007b20       _HB_FUN_SR_USEDELETEDS     00408b20 f   SQL:sqlrdd0.obj
 0001:00007b70       _sr_lSerializeArrayAsJson  00408b70 f   SQL:sqlrdd0.obj
 0001:00007b80       _HB_FUN_SR_SETSERIALIZEARRAYASJSON 00408b80 f   SQL:sqlrdd0.obj
 0001:00007bd0       _sr_lsql2008newTypes       00408bd0 f   SQL:sqlrdd0.obj
 0001:00007be0       _sr_iOldPgsBehavior        00408be0 f   SQL:sqlrdd0.obj
 0001:00007bf0       _HB_FUN_SR_GETSQL2008NEWTYPES 00408bf0 f   SQL:sqlrdd0.obj
 0001:00007c20       _HB_FUN_SR_SETSQL2008NEWTYPES 00408c20 f   SQL:sqlrdd0.obj
 0001:00007c70       _HB_FUN_SETPGSOLDBEHAVIOR  00408c70 f   SQL:sqlrdd0.obj
 0001:00007cc0       _sr_fShortasNum            00408cc0 f   SQL:sqlrdd0.obj
 0001:00007cd0       _HB_FUN_SETFIREBIRDUSESHORTASNUM 00408cd0 f   SQL:sqlrdd0.obj
 0001:00007d70       _HB_FUN_SR_GOPHANTOM       00408d70 f   SQL:utils.obj
 0001:00007d90       _HB_FUN_SR_WORKAREAFILENAME 00408d90 f   SQL:utils.obj
 0001:00007db0       _HB_FUN_SR_DBSTRUCT        00408db0 f   SQL:utils.obj
 0001:00007dd0       _HB_FUN_SR_MSGLOGFILE      00408dd0 f   SQL:utils.obj
 0001:00007df0       _HB_FUN_SR_VAL2CHAR        00408df0 f   SQL:utils.obj
 0001:00007e10       _HB_FUN_SR_LOGFILE         00408e10 f   SQL:utils.obj
 0001:00007e30       _HB_FUN_SR_FILTERSTATUS    00408e30 f   SQL:utils.obj
 0001:00007e50       _HB_FUN_SR_CREATECONSTRAINT 00408e50 f   SQL:utils.obj
 0001:00007e70       _HB_FUN_SR_DROPCONSTRAINT  00408e70 f   SQL:utils.obj
 0001:00007e90       _HB_FUN_SR_CHANGESTRUCT    00408e90 f   SQL:utils.obj
 0001:00007eb0       _HB_FUN_SR_SETCURRDATE     00408eb0 f   SQL:utils.obj
 0001:00007ed0       _HB_FUN_SR_QUICKAPPEND     00408ed0 f   SQL:utils.obj
 0001:00007ef0       _HB_FUN_SR_SETCOLPK        00408ef0 f   SQL:utils.obj
 0001:00007f10       _HB_FUN_SR_ISWAHIST        00408f10 f   SQL:utils.obj
 0001:00007f30       _HB_FUN_SR_SETREVERSEINDEX 00408f30 f   SQL:utils.obj
 0001:00007f50       _HB_FUN_SR_SETNEXTDT       00408f50 f   SQL:utils.obj
 0001:00007f70       _HB_FUN_SR_DISABLEHISTORIC 00408f70 f   SQL:utils.obj
 0001:00007f90       _HB_FUN_SR_ENABLEHISTORIC  00408f90 f   SQL:utils.obj
 0001:00007fb0       _HB_FUN_SR_GETACTIVEDT     00408fb0 f   SQL:utils.obj
 0001:00007fd0       _HB_FUN_SR_SETACTIVEDT     00408fd0 f   SQL:utils.obj
 0001:00007ff0       _HB_FUN_SR_SETACTIVEDATE   00408ff0 f   SQL:utils.obj
 0001:00008030       _HB_FUN_SR_SETCREATEASHISTORIC 00409030 f   SQL:utils.obj
 0001:00008050       _HB_FUN_SR_HASHISTORIC     00409050 f   SQL:utils.obj
 0001:00008070       _HB_FUN_SR_CDBVALUE        00409070 f   SQL:utils.obj
 0001:000080b0       _HB_FUN_SR_WRITETIMELOG    004090b0 f   SQL:utils.obj
 0001:000080d0       _HB_FUN_SR_UCHARTOVAL      004090d0 f   SQL:utils.obj
 0001:000080f0       _HB_FUN_SR_WRITEDBLOG      004090f0 f   SQL:utils.obj
 0001:00008110       _HB_FUN_SR_SHOWVECTOR      00409110 f   SQL:utils.obj
 0001:00008130       _HB_FUN_SR_VAL2CHARQ       00409130 f   SQL:utils.obj
 0001:00008150       _HB_FUN_SR_BLANKVAR        00409150 f   SQL:utils.obj
 0001:00008170       _HB_FUN_SR_HISTEXPRESSION  00409170 f   SQL:utils.obj
 0001:00008190       _HB_FUN_SR_HISTEXPRESSIONWHERE 00409190 f   SQL:utils.obj
 0001:000081b0       _HB_FUN_SR_SETNEXTSVVERS   004091b0 f   SQL:utils.obj
 0001:000081d0       _HB_FUN_SR_GETRDDNAME      004091d0 f   SQL:utils.obj
 0001:000081f0       _HB_FUN_ISSQLWORKAREA      004091f0 f   SQL:utils.obj
 0001:00008210       _HB_FUN_SR_ORDCONDSET      00409210 f   SQL:utils.obj
 0001:00008230       _HB_FUN_SR_SETJOIN         00409230 f   SQL:utils.obj
 0001:00008250       _HB_FUN_SR_ADDRULENOTNULL  00409250 f   SQL:utils.obj
 0001:00008270       _HB_FUN_SR_DESERIALIZE     00409270 f   SQL:utils.obj
 0001:00008290       _HB_FUN_SR_DROPRULENOTNULL 00409290 f   SQL:utils.obj
 0001:000082b0       _HB_FUN_SR_LASTSQLERROR    004092b0 f   SQL:utils.obj
 0001:000082d0       _HB_FUN_SR_SETFILTER       004092d0 f   SQL:utils.obj
 0001:000082f0       _HB_FUN_SR_RESETSTATISTICS 004092f0 f   SQL:utils.obj
 0001:00008310       _HB_FUN_SR_GETNCONNECTION  00409310 f   SQL:utils.obj
 0001:00008330       _HB_FUN_SR_HASFILTERS      00409330 f   SQL:utils.obj
 0001:00008350       _HB_FUN_SR_DBREFRESH       00409350 f   SQL:utils.obj
 0001:00008370       _HB_FUN_SQLFASTHASH        00409370 f   SQL:utils.obj
 0001:00008470       _HB_FUN_SR_BEGINTRANSACTION 00409470 f   SQL:utils.obj
 0001:00008490       _HB_FUN_SR_COMMITTRANSACTION 00409490 f   SQL:utils.obj
 0001:000084b0       _HB_FUN_SR_SETAPPSITE      004094b0 f   SQL:utils.obj
 0001:000084d0       _HB_FUN_SR_SETCONNECTIONLOGCHANGES 004094d0 f   SQL:utils.obj
 0001:000084f0       _HB_FUN_SR_SETAPPUSER      004094f0 f   SQL:utils.obj
 0001:00008510       _HB_FUN_SR_SETALOCKWAIT    00409510 f   SQL:utils.obj
 0001:00008530       _HB_FUN_SR_ROLLBACKTRANSACTION 00409530 f   SQL:utils.obj
 0001:00008550       _HB_FUN_SR_TRANSACTIONCOUNT 00409550 f   SQL:utils.obj
 0001:00008570       _HB_FUN_SR_ENDTRANSACTION  00409570 f   SQL:utils.obj
 0001:00008590       _HB_FUN_SR_RUNTIMEERR      00409590 f   SQL:utils.obj
 0001:000085b0       _HB_FUN_DBCOUNT            004095b0 f   SQL:utils.obj
 0001:000085d0       _HB_FUN_SR_GETSTACK        004095d0 f   SQL:utils.obj
 0001:000085f0       _HB_FUN_SQLBINDBYVAL       004095f0 f   SQL:utils.obj
 0001:00008650       _HB_FUN_SR_ADDTOFILTER     00409650 f   SQL:utils.obj
 0001:00008670       _HB_FUN_SR_CLEARFILTER     00409670 f   SQL:utils.obj
 0001:00008690       _HB_FUN_SR_SETFIELDDEFAULT 00409690 f   SQL:utils.obj
 0001:000086b0       _HB_FUN_SR_DESERIALIZE1    004096b0 f   SQL:utils.obj
 0001:000086f0       _HB_FUN_SR_PHFILE          004096f0 f   SQL:utils.obj
 0001:000087b0       _HB_FUN_SR_SQLCODEGEN      004097b0 f   SQL:sqlgen1.obj
 0001:000087f0       _HB_FUN_SR_SQLQUOTEDSTRING 004097f0 f   SQL:sqlgen1.obj
 0001:00008810       _HB_FUN_SR_DTOSDOT         00409810 f   SQL:sqlgen1.obj
 0001:00008830       _HB_FUN_SR_DTODOT          00409830 f   SQL:sqlgen1.obj
 0001:00008850       _HB_FUN_SR_DTOUS           00409850 f   SQL:sqlgen1.obj
 0001:000088b0       _HB_FUN___SR_STARTSQL      004098b0 f   SQL:sqlgen1.obj
 0001:000088d0       _HB_FUN_SR_SETTABLEINFOBLOCK 004098d0 f   SQL:sqlgen1.obj
 0001:000088f0       _HB_FUN_SR_SETINDEXINFOBLOCK 004098f0 f   SQL:sqlgen1.obj
 0001:00008910       _HB_FUN_SR_GETTABLEINFOBLOCK 00409910 f   SQL:sqlgen1.obj
 0001:00008930       _HB_FUN_SR_GETINDEXINFOBLOCK 00409930 f   SQL:sqlgen1.obj
 0001:00008950       _HB_FUN_SR_SETNEXTRECORDBLOCK 00409950 f   SQL:sqlgen1.obj
 0001:00008970       _HB_FUN_SR_GETNEXTRECORDBLOCK 00409970 f   SQL:sqlgen1.obj
 0001:00008990       _HB_FUN_SR_PARSERVERSION   00409990 f   SQL:sqlgen1.obj
 0001:000089b0       _HB_FUN_SR_PCODEDESCR      004099b0 f   SQL:sqlgen1.obj
 0001:000089d0       _HB_FUN_SR_TABLEATTR       004099d0 f   SQL:sqlgen1.obj
 0001:000089f0       _HB_FUN_SR_INDEXATTR       004099f0 f   SQL:sqlgen1.obj
 0001:00008b00       _HB_FUN_SR_MSG             00409b00 f   SQL:utilslang.obj
 0001:00008b20       _HB_FUN_SR_GETERRMESSAGEMAX 00409b20 f   SQL:utilslang.obj
 0001:00008b60       _sr_getBaseLang            00409b60 f   SQL:utilslang.obj
 0001:00008b80       _sr_getSecondLang          00409b80 f   SQL:utilslang.obj
 0001:00008ba0       _sr_getRootLang            00409ba0 f   SQL:utilslang.obj
 0001:00008c00       _HB_FUN_SR_SETBASELANG     00409c00 f   SQL:utilslang.obj
 0001:00008c40       _HB_FUN_SR_SETSECONDLANG   00409c40 f   SQL:utilslang.obj
 0001:00008c80       _HB_FUN_SR_SETROOTLANG     00409c80 f   SQL:utilslang.obj
 0001:00008d10       _HB_FUN_SR_CONNECTION      00409d10 f   SQL:sqlconnection.obj
 0001:00008fb0       _HB_FUN_SR_ADJUSTNUM       00409fb0 f   SQL:sqlconnection.obj
 0001:00009030       _HB_FUN_SR_SETNWGCOMPAT    0040a030 f   SQL:sqlconnection.obj
 0001:00009050       _HB_FUN_SR_AUTOCOMMIT      0040a050 f   SQL:sqlconnection.obj
 0001:00009070       _HB_FUN_SR_ALLINCACHE      0040a070 f   SQL:sqlconnection.obj
 0001:00009090       _HB_FUN_SR_SETTRACELOG     0040a090 f   SQL:sqlconnection.obj
 0001:000090d0       _HB_FUN_SR_INSTALLERROR    0040a0d0 f   SQL:sqlsrodbc.obj
 0001:000091d0       _HB_FUN_SR_INSTALLDSN      0040a1d0 f   SQL:sqlsrodbc.obj
 0001:00009290       _HB_FUN_SR_UNINSTALLDSN    0040a290 f   SQL:sqlsrodbc.obj
 0001:00009320       _HB_FUN_SR_ALLOCEN         0040a320 f   SQL:sqlsrodbc.obj
 0001:00009370       _HB_FUN_SR_ALLOCCO         0040a370 f   SQL:sqlsrodbc.obj
 0001:000093b0       _HB_FUN_SR_DRIVERC         0040a3b0 f   SQL:sqlsrodbc.obj
 0001:00009470       _HB_FUN_SR_DISCONN         0040a470 f   SQL:sqlsrodbc.obj
 0001:000094a0       _HB_FUN_SR_FREECON         0040a4a0 f   SQL:sqlsrodbc.obj
 0001:000094d0       _HB_FUN_SR_FREEENV         0040a4d0 f   SQL:sqlsrodbc.obj
 0001:00009500       _HB_FUN_SR_ALLOCST         0040a500 f   SQL:sqlsrodbc.obj
 0001:00009550       _HB_FUN_SR_FREESTM         0040a550 f   SQL:sqlsrodbc.obj
 0001:000095a0       _HB_FUN_SR_EXECDIR         0040a5a0 f   SQL:sqlsrodbc.obj
 0001:000095f0       _HB_FUN_SR_FETCH           0040a5f0 f   SQL:sqlsrodbc.obj
 0001:00009620       _odbcFieldGet              0040a620 f   SQL:sqlsrodbc.obj
 0001:00009dd0       _HB_FUN_SR_ODBCLINEPROCESSED 0040add0 f   SQL:sqlsrodbc.obj
 0001:00009fd0       _HB_FUN_SR_ODBCGETLINES    0040afd0 f   SQL:sqlsrodbc.obj
 0001:0000a540       _HB_FUN_SR_NUMRES          0040b540 f   SQL:sqlsrodbc.obj
 0001:0000a590       _odbcErrorDiagRTE          0040b590 f   SQL:sqlsrodbc.obj
 0001:0000a790       _HB_FUN_SR_DESCRIB         0040b790 f   SQL:sqlsrodbc.obj
 0001:0000a920       _HB_FUN_SR_COLATTRIBUTE    0040b920 f   SQL:sqlsrodbc.obj
 0001:0000a9f0       _HB_FUN_SR_ERROR           0040b9f0 f   SQL:sqlsrodbc.obj
 0001:0000aae0       _HB_FUN_SR_GETINFO         0040bae0 f   SQL:sqlsrodbc.obj
 0001:0000ab70       _HB_FUN_SR_SETCONNECTATTR  0040bb70 f   SQL:sqlsrodbc.obj
 0001:0000ac10       _HB_FUN_SR_SETCONNECTOPTION 0040bc10 f   SQL:sqlsrodbc.obj
 0001:0000acb0       _HB_FUN_SR_SETSTMTOPTION   0040bcb0 f   SQL:sqlsrodbc.obj
 0001:0000ad50       _HB_FUN_SR_GETCONNECTOPTION 0040bd50 f   SQL:sqlsrodbc.obj
 0001:0000ade0       _HB_FUN_SR_COMMIT          0040bde0 f   SQL:sqlsrodbc.obj
 0001:0000ae30       _HB_FUN_SR_ROLLBACK        0040be30 f   SQL:sqlsrodbc.obj
 0001:0000ae80       _HB_FUN_SR_MORERESULTS     0040be80 f   SQL:sqlsrodbc.obj
 0001:0000aeb0       _odbcErrorDiag             0040beb0 f   SQL:sqlsrodbc.obj
 0001:0000af80       _HB_FUN_SR_TABLES          0040bf80 f   SQL:sqlsrodbc.obj
 0001:0000afc0       _HB_FUN_SR_ODBCWRITEMEMO   0040bfc0 f   SQL:sqlsrodbc.obj
 0001:0000b210       _odbcGetData               0040c210 f   SQL:sqlsrodbc.obj
 0001:0000b6b0       _HB_FUN_SR_BINDBYVALUE     0040c6b0 f   SQL:sqlsrodbc.obj
 0001:0000b710       _HB_FUN_PGSCONNECT         0040c710 f   SQL:pgs.obj
 0001:0000b780       _HB_FUN_PGSFINISH          0040c780 f   SQL:pgs.obj
 0001:0000b7c0       _HB_FUN_PGSSTATUS          0040c7c0 f   SQL:pgs.obj
 0001:0000b810       _HB_FUN_PGSSTATUS2         0040c810 f   SQL:pgs.obj
 0001:0000b850       _HB_FUN_PGSRESULTSTATUS    0040c850 f   SQL:pgs.obj
 0001:0000b8c0       _HB_FUN_PGSEXEC            0040c8c0 f   SQL:pgs.obj
 0001:0000b950       _HB_FUN_PGSFETCH           0040c950 f   SQL:pgs.obj
 0001:0000b9f0       _HB_FUN_PGSRESSTATUS       0040c9f0 f   SQL:pgs.obj
 0001:0000ba40       _HB_FUN_PGSCLEAR           0040ca40 f   SQL:pgs.obj
 0001:0000ba80       _HB_FUN_PGSGETDATA         0040ca80 f   SQL:pgs.obj
 0001:0000bad0       _HB_FUN_PGSCOLS            0040cad0 f   SQL:pgs.obj
 0001:0000bb10       _HB_FUN_PGSERRMSG          0040cb10 f   SQL:pgs.obj
 0001:0000bb50       _HB_FUN_PGSCOMMIT          0040cb50 f   SQL:pgs.obj
 0001:0000bbb0       _HB_FUN_PGSROLLBACK        0040cbb0 f   SQL:pgs.obj
 0001:0000bc10       _HB_FUN_PGSQUERYATTR       0040cc10 f   SQL:pgs.obj
 0001:0000c400       _HB_FUN_PGSTABLEATTR       0040d400 f   SQL:pgs.obj
 0001:0000cd00       _PGSFieldGet               0040dd00 f   SQL:pgs.obj
 0001:0000d3c0       _HB_FUN_PGSLINEPROCESSED   0040e3c0 f   SQL:pgs.obj
 0001:0000d500       _HB_FUN_PGSAFFECTEDROWS    0040e500 f   SQL:pgs.obj
 0001:0000d5a0       _HB_FUN_SR_WORKAREA        0040e5a0 f   SQL:sqlrdd2.obj
 0001:0000e120       _HB_FUN_SR_PARSEFILENAME   0040f120 f   SQL:sqlrdd2.obj
 0001:0000e160       _HB_FUN_SR_CLEANTABINFOCACHE 0040f160 f   SQL:sqlrdd2.obj
 0001:0000e180       _HB_FUN_SR_SETLGOTOPONFIRSTINTERACT 0040f180 f   SQL:sqlrdd2.obj
 0001:0000e1a0       _HB_FUN_SR_SETNLINECOUNTRESULT 0040f1a0 f   SQL:sqlrdd2.obj
 0001:0000e1c0       _HB_FUN_SR_SETUSEDTHISTAUTO 0040f1c0 f   SQL:sqlrdd2.obj
 0001:0000e200       _HB_FUN_SR_GETGLOBALOWNER  0040f200 f   SQL:sqlrdd2.obj
 0001:0000e220       _HB_FUN_SR_SETGLOBALOWNER  0040f220 f   SQL:sqlrdd2.obj
 0001:0000e240       _HB_FUN_SR_USESEQUENCES    0040f240 f   SQL:sqlrdd2.obj
 0001:0000e260       _HB_FUN_SR_SETUSESEQUENCES 0040f260 f   SQL:sqlrdd2.obj
 0001:0000e280       _HB_FUN_SR_SETMYSQLMEMODATATYPE 0040f280 f   SQL:sqlrdd2.obj
 0001:0000e2a0       _HB_FUN_SR_SETMYSQLNUMERICDATATYPE 0040f2a0 f   SQL:sqlrdd2.obj
 0001:0000e2c0       _HB_FUN_SR_TCNEXTRECORD    0040f2c0 f   SQL:sqlrdd2.obj
 0001:0000e2e0       _HB_FUN_SR_SETLUSEDBCATALOGS 0040f2e0 f   SQL:sqlrdd2.obj
 0001:0000e300       _HB_FUN_SR_SETALLOWRELATIONSININDX 0040f300 f   SQL:sqlrdd2.obj
 0001:0000e320       _HB_FUN_SR_SERIALIZE1      0040f320 f   SQL:sqlrdd2.obj
 0001:0000e380       _HB_FUN_SR_ARRAYTOXML      0040f380 f   SQL:sqlrdd2.obj
 0001:0000e3c0       _HB_FUN_SR_FROMXML         0040f3c0 f   SQL:sqlrdd2.obj
 0001:0000e3e0       _HB_FUN_SR_GETUSEXMLFIELD  0040f3e0 f   SQL:sqlrdd2.obj
 0001:0000e400       _HB_FUN_SR_SETUSEXMLFIELD  0040f400 f   SQL:sqlrdd2.obj
 0001:0000e420       _HB_FUN_SR_GETUSEJSON      0040f420 f   SQL:sqlrdd2.obj
 0001:0000e440       _HB_FUN_SR_SETUSEJSON      0040f440 f   SQL:sqlrdd2.obj
 0001:0000e460       _HB_FUN_SR_SETMININUMVARCHAR2SIZE 0040f460 f   SQL:sqlrdd2.obj
 0001:0000e480       _HB_FUN_SR_SETORACLESYNTHETICVIRTUAL 0040f480 f   SQL:sqlrdd2.obj
 0001:0000e4a0       _HB_FUN_SR_GETORACLESYNTHETICVIRTUAL 0040f4a0 f   SQL:sqlrdd2.obj
 0001:0000e4e0       _HB_FUN_SR_SQLPARSE        0040f4e0 f   SQL:sqlact.obj
 0001:0000e5c0       _SqlParse                  0040f5c0 f   SQL:sqlact.obj
 0001:0000e670       _SQLpCodeGenInt            0040f670 f   SQL:sqlact.obj
 0001:0000e6a0       _SQLpCodeGenIntItem        0040f6a0 f   SQL:sqlact.obj
 0001:0000e6f0       _SQLpCodeGenItemInt        0040f6f0 f   SQL:sqlact.obj
 0001:0000e730       _SQLpCodeGenIntItem2       0040f730 f   SQL:sqlact.obj
 0001:0000e7b0       _SQLpCodeGenArrayJoin      0040f7b0 f   SQL:sqlact.obj
 0001:0000e830       _SQLpCodeGenArrayItem      0040f830 f   SQL:sqlact.obj
 0001:0000e860       _SQLpCodeGenArrayInt       0040f860 f   SQL:sqlact.obj
 0001:0000e890       _SQLpCodeGenArrayIntInt    0040f890 f   SQL:sqlact.obj
 0001:0000e8e0       _SQLpCodeGenIntArray       0040f8e0 f   SQL:sqlact.obj
 0001:0000e940       _HB_FUN_SR_STRTOHEX        0040f940 f   SQL:sqlact.obj
 0001:0000ea70       _sr_Hex2Str                0040fa70 f   SQL:sqlact.obj
 0001:0000eb90       _HB_FUN_SR_HEXTOSTR        0040fb90 f   SQL:sqlact.obj
 0001:0000f000       _HB_FUN_SR_ESCAPESTRING    00410000 f   SQL:sqlact.obj
 0001:0000f170       _QuoteTrimEscapeString     00410170 f   SQL:sqlact.obj
 0001:0000f270       _HB_FUN_SR_ESCAPENUM       00410270 f   SQL:sqlact.obj
 0001:0000f640       _sr_escapeNumber           00410640 f   SQL:sqlact.obj
 0001:0000f970       _HB_FUN_SR_DBQUALIFY       00410970 f   SQL:sqlact.obj
 0001:0000fb80       _SR_itemEmpty              00410b80 f   SQL:sqlact.obj
 0001:0000fda0       _quotedNull                00410da0 f   SQL:sqlact.obj
 0001:000100d0       _sql_yyparse               004110d0 f   SQL:sqly.obj
 0001:00011b30       _sql_yylex                 00412b30 f   SQL:sqllex.obj
 0001:00011b50       _sqlyylex                  00412b50 f   SQL:sqllex.obj
 0001:000135c0       _sql_yyerror               004145c0 f   SQL:sqllex.obj
 0001:000135e0       _PQconnectdb               004145e0     libpq:LIBPQ.dll
 0001:000135e6       _PQsetNoticeProcessor      004145e6     libpq:LIBPQ.dll
 0001:000135ec       _PQfinish                  004145ec     libpq:LIBPQ.dll
 0001:000135f2       _PQstatus                  004145f2     libpq:LIBPQ.dll
 0001:000135f8       _PQresultStatus            004145f8     libpq:LIBPQ.dll
 0001:000135fe       _PQexec                    004145fe     libpq:LIBPQ.dll
 0001:00013604       _PQnfields                 00414604     libpq:LIBPQ.dll
 0001:0001360a       _PQcmdTuples               0041460a     libpq:LIBPQ.dll
 0001:00013610       _PQntuples                 00414610     libpq:LIBPQ.dll
 0001:00013616       _PQresStatus               00414616     libpq:LIBPQ.dll
 0001:0001361c       _PQclear                   0041461c     libpq:LIBPQ.dll
 0001:00013622       _PQgetvalue                00414622     libpq:LIBPQ.dll
 0001:00013628       _PQerrorMessage            00414628     libpq:LIBPQ.dll
 0001:0001362e       _PQfname                   0041462e     libpq:LIBPQ.dll
 0001:00013634       _PQftype                   00414634     libpq:LIBPQ.dll
 0001:0001363a       _PQfmod                    0041463a     libpq:LIBPQ.dll
 0001:00013640       _PQfsize                   00414640     libpq:LIBPQ.dll
 0001:00013646       _PQgetlength               00414646     libpq:LIBPQ.dll
 0001:00013650       _hb_memvarsClear           00414650 f   xHB:memvars.obj
 0001:000136d0       _hb_memvarsInit            004146d0 f   xHB:memvars.obj
 0001:00013740       _hb_memvarsRelease         00414740 f   xHB:memvars.obj
 0001:000137f0       _hb_memvarValueBaseAddress 004147f0 f   xHB:memvars.obj
 0001:00013800       _hb_memvarValueNew         00414800 f   xHB:memvars.obj
 0001:00013910       _hb_memvarDetachLocal      00414910 f   xHB:memvars.obj
 0001:000139b0       _hb_memvarGetPrivatesBase  004149b0 f   xHB:memvars.obj
 0001:000139d0       _hb_memvarSetPrivatesBase  004149d0 f   xHB:memvars.obj
 0001:00013a70       _hb_memvarValueIncRef      00414a70 f   xHB:memvars.obj
 0001:00013af0       _hb_memvarValueDecRef      00414af0 f   xHB:memvars.obj
 0001:00013b50       _hb_memvarValueDecGarbageRef 00414b50 f   xHB:memvars.obj
 0001:00013bc0       _hb_memvarSetValue         00414bc0 f   xHB:memvars.obj
 0001:00013ca0       _hb_memvarGet              00414ca0 f   xHB:memvars.obj
 0001:00013d30       _hb_memvarGetValue         00414d30 f   xHB:memvars.obj
 0001:00013db0       _hb_memvarGetRefer         00414db0 f   xHB:memvars.obj
 0001:00013f00       _hb_memvarNewParameter     00414f00 f   xHB:memvars.obj
 0001:00013f20       _hb_memvarGetStrValuePtr   00414f20 f   xHB:memvars.obj
 0001:00013fc0       _hb_memvarCreateFromItem   00414fc0 f   xHB:memvars.obj
 0001:00014380       _hb_memvarScope            00415380 f   xHB:memvars.obj
 0001:00014490       _hb_memvarReleasePublic    00415490 f   xHB:memvars.obj
 0001:00014620       _HB_FUN___MVPUBLIC         00415620 f   xHB:memvars.obj
 0001:000146c0       _HB_FUN___MVPRIVATE        004156c0 f   xHB:memvars.obj
 0001:00014760       _HB_FUN___MVXRELEASE       00415760 f   xHB:memvars.obj
 0001:000147e0       _HB_FUN___MVRELEASE        004157e0 f   xHB:memvars.obj
 0001:00014880       _HB_FUN___MVSCOPE          00415880 f   xHB:memvars.obj
 0001:00014940       _HB_FUN___MVCLEAR          00415940 f   xHB:memvars.obj
 0001:00014950       _HB_FUN___MVDBGINFO        00415950 f   xHB:memvars.obj
 0001:00014a50       _HB_FUN___MVEXIST          00415a50 f   xHB:memvars.obj
 0001:00014aa0       _HB_FUN___MVGET            00415aa0 f   xHB:memvars.obj
 0001:00014b90       _HB_FUN___MVPUT            00415b90 f   xHB:memvars.obj
 0001:00014f80       _HB_FUN___MVSAVE           00415f80 f   xHB:memvars.obj
 0001:00015240       _HB_FUN___MVRESTORE        00416240 f   xHB:memvars.obj
 0001:000159d0       _hb_memvarsIsMemvarRef     004169d0 f   xHB:memvars.obj
 0001:00015a30       _hb_memvarGetVarHandle     00416a30 f   xHB:memvars.obj
 0001:00015a60       _hb_memvarGetValueByHandle 00416a60 f   xHB:memvars.obj
 0001:00015b30       _HB_FUN___MVSYMBOLINFO     00416b30 f   xHB:memvars.obj
 0001:00015b70       _hb_memvarGetValueBySym    00416b70 f   xHB:memvars.obj
 0001:00015ba0       _HB_FUN_SPACE              00416ba0 f   xHB:space.obj
 0001:000162b0       _HB_FUN_CTOD               004172b0 f   xHB:dateshb.obj
 0001:00016340       _HB_FUN_DTOC               00417340 f   xHB:dateshb.obj
 0001:000163d0       _HB_FUN_DTOS               004173d0 f   xHB:dateshb.obj
 0001:00016440       _HB_FUN_STOD               00417440 f   xHB:dateshb.obj
 0001:00016500       _HB_FUN_YEAR               00417500 f   xHB:dateshb.obj
 0001:00016580       _HB_FUN_MONTH              00417580 f   xHB:dateshb.obj
 0001:00016600       _HB_FUN_DAY                00417600 f   xHB:dateshb.obj
 0001:00016680       _HB_FUN_TIME               00417680 f   xHB:dateshb.obj
 0001:000166b0       _HB_FUN_TIMEOFDAY          004176b0 f   xHB:dateshb.obj
 0001:00016760       _HB_FUN_DATE               00417760 f   xHB:dateshb.obj
 0001:000167a0       _HB_FUN_DOW                004177a0 f   xHB:dateshb.obj
 0001:00016810       _HB_FUN_DATETIME           00417810 f   xHB:dateshb.obj
 0001:00016910       _HB_FUN_TTOD               00417910 f   xHB:dateshb.obj
 0001:00016970       _HB_FUN_TTOS               00417970 f   xHB:dateshb.obj
 0001:000169d0       _HB_FUN_TTOC               004179d0 f   xHB:dateshb.obj
 0001:00016b10       _HB_FUN_HOUR               00417b10 f   xHB:dateshb.obj
 0001:00016b80       _HB_FUN_MINUTE             00417b80 f   xHB:dateshb.obj
 0001:00016bf0       _HB_FUN_SECS               00417bf0 f   xHB:dateshb.obj
 0001:00016c50       _HB_FUN_CTOT               00417c50 f   xHB:dateshb.obj
 0001:00016de0       _HB_FUN_STOT               00417de0 f   xHB:dateshb.obj
 0001:00016ec0       _HB_FUN_HMS2D              00417ec0 f   xHB:dateshb.obj
 0001:00016f30       _HB_FUN_HB_TSTOSTR         00417f30 f   xHB:dateshb.obj
 0001:000177c0       _hb_set_SetPrinterStart    004187c0 f   xHB:set.obj
 0001:00017820       _hb_set_SetPrinterStop     00418820 f   xHB:set.obj
 0001:00017870       _hb_setSetCentury          00418870 f   xHB:set.obj
 0001:00017a10       _HB_FUN___SETCENTURY       00418a10 f   xHB:set.obj
 0001:00017a60       _HB_FUN_SETCANCEL          00418a60 f   xHB:set.obj
 0001:00017aa0       _HB_FUN_SET                00418aa0 f   xHB:set.obj
 0001:00019850       _hb_setInitialize          0041a850 f   xHB:set.obj
 0001:00019ce0       _hb_setRelease             0041ace0 f   xHB:set.obj
 0001:00019fc0       _hb_setClone               0041afc0 f   xHB:set.obj
 0001:0001a180       _hb_setListenerAdd         0041b180 f   xHB:set.obj
 0001:0001a200       _hb_setListenerNotify      0041b200 f   xHB:set.obj
 0001:0001a230       _hb_setListenerRemove      0041b230 f   xHB:set.obj
 0001:0001a4d0       _hb_setSetItem             0041b4d0 f   xHB:set.obj
 0001:0001b440       _hb_setSetItem2            0041c440 f   xHB:set.obj
 0001:0001b520       _hb_setGetL                0041c520 f   xHB:set.obj
 0001:0001b700       _hb_setGetCPtr             0041c700 f   xHB:set.obj
 0001:0001b810       _hb_setGetNI               0041c810 f   xHB:set.obj
 0001:0001b910       _hb_setGetNL               0041c910 f   xHB:set.obj
 0001:0001b920       _hb_setGetFirstSetPath     0041c920 f   xHB:set.obj
 0001:0001b930       _hb_setGetAltHan           0041c930 f   xHB:set.obj
 0001:0001b940       _hb_setGetCentury          0041c940 f   xHB:set.obj
 0001:0001b950       _hb_setGetExtraHan         0041c950 f   xHB:set.obj
 0001:0001b960       _hb_setGetPrintHan         0041c960 f   xHB:set.obj
 0001:0001b970       _hb_setGetAlternate        0041c970 f   xHB:set.obj
 0001:0001b980       _hb_setGetAltFile          0041c980 f   xHB:set.obj
 0001:0001b990       _hb_setGetAutOpen          0041c990 f   xHB:set.obj
 0001:0001b9a0       _hb_setGetAutOrder         0041c9a0 f   xHB:set.obj
 0001:0001b9b0       _hb_setGetAutoShare        0041c9b0 f   xHB:set.obj
 0001:0001b9c0       _hb_setGetBell             0041c9c0 f   xHB:set.obj
 0001:0001b9d0       _hb_setGetCancel           0041c9d0 f   xHB:set.obj
 0001:0001b9e0       _hb_setGetColor            0041c9e0 f   xHB:set.obj
 0001:0001b9f0       _hb_setGetConfirm          0041c9f0 f   xHB:set.obj
 0001:0001ba00       _hb_setGetConsole          0041ca00 f   xHB:set.obj
 0001:0001ba10       _hb_setGetDateFormat       0041ca10 f   xHB:set.obj
 0001:0001ba20       _hb_setGetTimeFormat       0041ca20 f   xHB:set.obj
 0001:0001ba30       _hb_setGetDebug            0041ca30 f   xHB:set.obj
 0001:0001ba40       _hb_setGetDecimals         0041ca40 f   xHB:set.obj
 0001:0001ba50       _hb_setGetDefault          0041ca50 f   xHB:set.obj
 0001:0001ba60       _hb_setGetDeleted          0041ca60 f   xHB:set.obj
 0001:0001ba70       _hb_setGetDelimChars       0041ca70 f   xHB:set.obj
 0001:0001ba80       _hb_setGetDelimiters       0041ca80 f   xHB:set.obj
 0001:0001ba90       _hb_setGetDevice           0041ca90 f   xHB:set.obj
 0001:0001baa0       _hb_setGetEOF              0041caa0 f   xHB:set.obj
 0001:0001bab0       _hb_setGetEpoch            0041cab0 f   xHB:set.obj
 0001:0001bac0       _hb_setGetEscape           0041cac0 f   xHB:set.obj
 0001:0001bad0       _hb_setGetEventMask        0041cad0 f   xHB:set.obj
 0001:0001bae0       _hb_setGetExact            0041cae0 f   xHB:set.obj
 0001:0001baf0       _hb_setGetExclusive        0041caf0 f   xHB:set.obj
 0001:0001bb00       _hb_setGetExit             0041cb00 f   xHB:set.obj
 0001:0001bb10       _hb_setGetExtra            0041cb10 f   xHB:set.obj
 0001:0001bb20       _hb_setGetExtraFile        0041cb20 f   xHB:set.obj
 0001:0001bb30       _hb_setGetFixed            0041cb30 f   xHB:set.obj
 0001:0001bb40       _hb_setGetIdleRepeat       0041cb40 f   xHB:set.obj
 0001:0001bb50       _hb_setGetInsert           0041cb50 f   xHB:set.obj
 0001:0001bb60       _hb_setGetIntensity        0041cb60 f   xHB:set.obj
 0001:0001bb70       _hb_setGetPath             0041cb70 f   xHB:set.obj
 0001:0001bb80       _hb_setGetMargin           0041cb80 f   xHB:set.obj
 0001:0001bb90       _hb_setGetMBlockSize       0041cb90 f   xHB:set.obj
 0001:0001bba0       _hb_setGetMCenter          0041cba0 f   xHB:set.obj
 0001:0001bbb0       _hb_setGetMessage          0041cbb0 f   xHB:set.obj
 0001:0001bbc0       _hb_setGetMFileExt         0041cbc0 f   xHB:set.obj
 0001:0001bbd0       _hb_setGetOptimize         0041cbd0 f   xHB:set.obj
 0001:0001bbe0       _hb_setGetPrinter          0041cbe0 f   xHB:set.obj
 0001:0001bbf0       _hb_setGetPrintFile        0041cbf0 f   xHB:set.obj
 0001:0001bc00       _hb_setGetScoreBoard       0041cc00 f   xHB:set.obj
 0001:0001bc10       _hb_setGetScrollBreak      0041cc10 f   xHB:set.obj
 0001:0001bc20       _hb_setGetSoftSeek         0041cc20 f   xHB:set.obj
 0001:0001bc30       _hb_setGetStrictRead       0041cc30 f   xHB:set.obj
 0001:0001bc40       _hb_setGetTypeAhead        0041cc40 f   xHB:set.obj
 0001:0001bc50       _hb_setGetUnique           0041cc50 f   xHB:set.obj
 0001:0001bc60       _hb_setGetFileCase         0041cc60 f   xHB:set.obj
 0001:0001bc70       _hb_setGetDirCase          0041cc70 f   xHB:set.obj
 0001:0001bc80       _hb_setGetDirSeparator     0041cc80 f   xHB:set.obj
 0001:0001bc90       _hb_setGetVideoMode        0041cc90 f   xHB:set.obj
 0001:0001bca0       _hb_setGetWrap             0041cca0 f   xHB:set.obj
 0001:0001bcb0       _hb_setGetDBFLockScheme    0041ccb0 f   xHB:set.obj
 0001:0001bcc0       _hb_setGetHardCommit       0041ccc0 f   xHB:set.obj
 0001:0001bcd0       _hb_setGetForceOpt         0041ccd0 f   xHB:set.obj
 0001:0001bce0       _hb_setGetDefExtension     0041cce0 f   xHB:set.obj
 0001:0001bcf0       _hb_setGetEOL              0041ccf0 f   xHB:set.obj
 0001:0001bd00       _hb_setGetTrimFileName     0041cd00 f   xHB:set.obj
 0001:0001bd10       _hb_setGetOSCODEPAGE       0041cd10 f   xHB:set.obj
 0001:0001bd20       _hb_osEncodeCP             0041cd20 f   xHB:set.obj
 0001:0001bde0       _hb_osDecodeCP             0041cde0 f   xHB:set.obj
 0001:0001bea0       _hb_setGetAppendError      0041cea0 f   xHB:set.obj
 0001:0001beb0       _hb_setGetErrorLog         0041ceb0 f   xHB:set.obj
 0001:0001bec0       _hb_setGetTrace            0041cec0 f   xHB:set.obj
 0001:0001bed0       _hb_setGetTraceFile        0041ced0 f   xHB:set.obj
 0001:0001bee0       _hb_setGetTraceStack       0041cee0 f   xHB:set.obj
 0001:0001bef0       _hb_setGetErrorLoop        0041cef0 f   xHB:set.obj
 0001:0001bf00       _hb_setGetOutputSafety     0041cf00 f   xHB:set.obj
 0001:0001bf10       _hb_setGetBackgroundTasks  0041cf10 f   xHB:set.obj
 0001:0001bf20       _hb_setGetWinPrinter       0041cf20 f   xHB:set.obj
 0001:0001bf30       _hb_setGetWinHan           0041cf30 f   xHB:set.obj
 0001:0001bf40       _hb_setGetPrinterJob       0041cf40 f   xHB:set.obj
 0001:0001bf50       _hb_setGetBackGroundTick   0041cf50 f   xHB:set.obj
 0001:0001bf60       _hb_setGetWorkareasShared  0041cf60 f   xHB:set.obj
 0001:0001bf70       _hb_conSetColor            0041cf70 f   xHB:setcolor.obj
 0001:0001bfa0       _HB_FUN_SETCOLOR           0041cfa0 f   xHB:setcolor.obj
 0001:0001bfd0       _HB_FUN_COLORSELECT        0041cfd0 f   xHB:setcolor.obj
 0001:0001c000       _HB_FUN_SETBLINK           0041d000 f   xHB:setcolor.obj
 0001:0001c060       _HB_FUN_HB_COLORTON        0041d060 f   xHB:setcolor.obj
 0001:0001c0c0       _HB_FUN_HB_NTOCOLOR        0041d0c0 f   xHB:setcolor.obj
 0001:0001c120       _HB_FUN_SCROLL             0041d120 f   xHB:scroll.obj
 0001:0001c220       _HB_FUN_SCROLLFIXED        0041d220 f   xHB:scroll.obj
 0001:0001c290       _HB_FUN_HB_SCROLL          0041d290 f   xHB:scroll.obj
 0001:0001c420       _HB_FUN_SETPOS             0041d420 f   xHB:setpos.obj
 0001:0001c470       _HB_FUN_ROW                0041d470 f   xHB:setpos.obj
 0001:0001c4a0       _HB_FUN_COL                0041d4a0 f   xHB:setpos.obj
 0001:0001c4d0       _hb_conInit                0041d4d0 f   xHB:console.obj
 0001:0001c560       _hb_conRelease             0041d560 f   xHB:console.obj
 0001:0001c590       _hb_conNewLine             0041d590 f   xHB:console.obj
 0001:0001c5a0       _HB_FUN_HB_OSNEWLINE       0041d5a0 f   xHB:console.obj
 0001:0001c5c0       _hb_conOutStd              0041d5c0 f   xHB:console.obj
 0001:0001c600       _hb_conOutErr              0041d600 f   xHB:console.obj
 0001:0001c660       _hb_conOutAlt              0041d660 f   xHB:console.obj
 0001:0001c8e0       _HB_FUN_OUTSTD             0041d8e0 f   xHB:console.obj
 0001:0001c950       _HB_FUN_OUTERR             0041d950 f   xHB:console.obj
 0001:0001c9c0       _HB_FUN_QQOUT              0041d9c0 f   xHB:console.obj
 0001:0001ca30       _HB_FUN_QOUT               0041da30 f   xHB:console.obj
 0001:0001cb30       _HB_FUN___EJECT            0041db30 f   xHB:console.obj
 0001:0001cb90       _HB_FUN_PROW               0041db90 f   xHB:console.obj
 0001:0001cbb0       _HB_FUN_PCOL               0041dbb0 f   xHB:console.obj
 0001:0001cdc0       _HB_FUN_DEVPOS             0041ddc0 f   xHB:console.obj
 0001:0001ce20       _HB_FUN_SETPRC             0041de20 f   xHB:console.obj
 0001:0001ce80       _HB_FUN_DEVOUT             0041de80 f   xHB:console.obj
 0001:0001cf40       _HB_FUN_DISPOUT            0041df40 f   xHB:console.obj
 0001:0001d020       _HB_FUN_DISPOUTAT          0041e020 f   xHB:console.obj
 0001:0001d130       _HB_FUN_HB_DISPOUTAT       0041e130 f   xHB:console.obj
 0001:0001d210       _HB_FUN_HB_GETSTDIN        0041e210 f   xHB:console.obj
 0001:0001d230       _HB_FUN_HB_GETSTDOUT       0041e230 f   xHB:console.obj
 0001:0001d250       _HB_FUN_HB_GETSTDERR       0041e250 f   xHB:console.obj
 0001:0001d270       _HB_FUN_HBCONSOLELOCK      0041e270 f   xHB:console.obj
 0001:0001d280       _HB_FUN_HBCONSOLEUNLOCK    0041e280 f   xHB:console.obj
 0001:0001d290       _HB_FUN_DISPBOX            0041e290 f   xHB:box.obj
 0001:0001d4a0       _HB_FUN_HB_DISPBOX         0041e4a0 f   xHB:box.obj
 0001:0001d620       _HB_FUN___ATPROMPT         0041e620 f   xHB:menuto.obj
 0001:0001d640       _HB_FUN___MENUTO           0041e640 f   xHB:menuto.obj
 0001:0001d6a0       _HB_FUN_PCOUNT             0041e6a0 f   xHB:pcount.obj
 0001:0001d730       _HB_FUN_ARRAY              0041e730 f   xHB:arrayshb.obj
 0001:0001d7d0       _HB_FUN_AADD               0041e7d0 f   xHB:arrayshb.obj
 0001:0001d900       _HB_FUN_HB_ARRAYID         0041e900 f   xHB:arrayshb.obj
 0001:0001d930       _HB_FUN_HB_THISARRAY       0041e930 f   xHB:arrayshb.obj
 0001:0001d980       _HB_FUN_ASIZE              0041e980 f   xHB:arrayshb.obj
 0001:0001da60       _HB_FUN_ASIZEALLOC         0041ea60 f   xHB:arrayshb.obj
 0001:0001dad0       _HB_FUN_ALENALLOC          0041ead0 f   xHB:arrayshb.obj
 0001:0001db00       _HB_FUN_ATAIL              0041eb00 f   xHB:arrayshb.obj
 0001:0001db30       _HB_FUN_AINS               0041eb30 f   xHB:arrayshb.obj
 0001:0001dc30       _HB_FUN_HB_AINS            0041ec30 f   xHB:arrayshb.obj
 0001:0001dc40       _HB_FUN_ADEL               0041ec40 f   xHB:arrayshb.obj
 0001:0001dd20       _HB_FUN_AFILL              0041ed20 f   xHB:arrayshb.obj
 0001:0001df20       _HB_FUN_ASCAN              0041ef20 f   xHB:arrayshb.obj
 0001:0001e000       _HB_FUN_AEVAL              0041f000 f   xHB:arrayshb.obj
 0001:0001e150       _HB_FUN_ACOPY              0041f150 f   xHB:arrayshb.obj
 0001:0001e270       _HB_FUN_ACLONE             0041f270 f   xHB:arrayshb.obj
 0001:0001e2b0       _HB_FUN_HB_APARAMS         0041f2b0 f   xHB:arrayshb.obj
 0001:0001e310       _HB_FUN_HB_AEXPRESSIONS    0041f310 f   xHB:arrayshb.obj
 0001:0001e5b0       _SizeOfCStructure          0041f5b0 f   xHB:arrayshb.obj
 0001:0001e900       _HB_FUN_HB_SIZEOFCSTRUCTURE 0041f900 f   xHB:arrayshb.obj
 0001:0001e990       _ArrayToStructure          0041f990 f   xHB:arrayshb.obj
 0001:00020880       _HB_FUN_HB_ARRAYTOSTRUCTURE 00421880 f   xHB:arrayshb.obj
 0001:00020950       _StructureToArray          00421950 f   xHB:arrayshb.obj
 0001:00021280       _HB_FUN_HB_STRUCTURETOARRAY 00422280 f   xHB:arrayshb.obj
 0001:00021390       _HB_FUN_RASCAN             00422390 f   xHB:arrayshb.obj
 0001:000217e0       _HB_FUN_ASPLICE            004227e0 f   xHB:arrayshb.obj
 0001:00021b40       _HB_FUN_AREMOVE            00422b40 f   xHB:arrayshb.obj
 0001:00021b50       _HB_FUN_AMERGE             00422b50 f   xHB:arrayshb.obj
 0001:00021ce0       _HB_FUN_GETNEW             00422ce0 f   xHB:tgetint.obj
 0001:00021d00       _HB_FUN___GET              00422d00 f   xHB:tgetint.obj
 0001:00021d20       _HB_FUN___GETA             00422d20 f   xHB:tgetint.obj
 0001:00021d90       _HB_FUN_READMODAL          00422d90 f   xHB:getsys.obj
 0001:00021db0       _HB_FUN_GETREADER          00422db0 f   xHB:getsys.obj
 0001:00021dd0       _HB_FUN_GETACTIVE          00422dd0 f   xHB:getsys.obj
 0001:00021df0       _HB_FUN_GETDOSETKEY        00422df0 f   xHB:getsys.obj
 0001:00021e10       _HB_FUN_GETAPPLYKEY        00422e10 f   xHB:getsys.obj
 0001:00021e30       _HB_FUN_GETPREVALIDATE     00422e30 f   xHB:getsys.obj
 0001:00021e50       _HB_FUN_GETPOSTVALIDATE    00422e50 f   xHB:getsys.obj
 0001:00021e70       _HB_FUN_READUPDATED        00422e70 f   xHB:getsys.obj
 0001:00021e90       _HB_FUN_UPDATED            00422e90 f   xHB:getsys.obj
 0001:00021eb0       _HB_FUN_READKILL           00422eb0 f   xHB:getsys.obj
 0001:00021ed0       _HB_FUN___KILLREAD         00422ed0 f   xHB:getsys.obj
 0001:00021ef0       _HB_FUN___SETFORMAT        00422ef0 f   xHB:getsys.obj
 0001:00021f10       _HB_FUN_READFORMAT         00422f10 f   xHB:getsys.obj
 0001:00021f30       _HB_FUN_RANGECHECK         00422f30 f   xHB:getsys.obj
 0001:00021f50       _HB_FUN_GUIREADER          00422f50 f   xHB:getsys.obj
 0001:00021f70       _HB_FUN_GUIAPPLYKEY        00422f70 f   xHB:getsys.obj
 0001:00021f90       _HB_FUN_GUIGETPREVALIDATE  00422f90 f   xHB:getsys.obj
 0001:00021fb0       _HB_FUN_GUIGETPOSTVALIDATE 00422fb0 f   xHB:getsys.obj
 0001:00021fd0       _HB_FUN_TBREADER           00422fd0 f   xHB:getsys.obj
 0001:00021ff0       _HB_FUN_TBAPPLYKEY         00422ff0 f   xHB:getsys.obj
 0001:00022010       _HB_FUN_HITTEST            00423010 f   xHB:getsys.obj
 0001:00022030       _HB_FUN_ACCELERATOR        00423030 f   xHB:getsys.obj
 0001:00022070       _HB_FUN_EMPTY              00423070 f   xHB:empty.obj
 0001:00022330       _HB_FUN___ACCEPTSTR        00423330 f   xHB:accept.obj
 0001:00022350       _HB_FUN___ACCEPT           00423350 f   xHB:accept.obj
 0001:00022440       _HB_FUN_STRZERO            00423440 f   xHB:strzero.obj
 0001:00022620       _HB_FUN___WAIT             00423620 f   xHB:wait.obj
 0001:00022640       _HB_FUN_INKEY              00423640 f   xHB:inkey.obj
 0001:000227c0       _HB_FUN_SETINKEYBEFOREBLOCK 004237c0 f   xHB:inkey.obj
 0001:00022830       _HB_FUN_SETINKEYAFTERBLOCK 00423830 f   xHB:inkey.obj
 0001:000228a0       _HB_FUN___KEYBOARD         004238a0 f   xHB:inkey.obj
 0001:000229f0       _HB_FUN_HB_KEYPUT          004239f0 f   xHB:inkey.obj
 0001:00022ad0       _HB_FUN_NEXTKEY            00423ad0 f   xHB:inkey.obj
 0001:00022b20       _HB_FUN_LASTKEY            00423b20 f   xHB:inkey.obj
 0001:00022b70       _HB_FUN_HB_SETLASTKEY      00423b70 f   xHB:inkey.obj
 0001:00022c00       _HB_FUN_ALERT              00423c00 f   xHB:alert.obj
 0001:00022c20       _HB_FUN___NONOALERT        00423c20 f   xHB:alert.obj
 0001:00022cb0       _HB_FUN_DISKFORMAT         00423cb0 f   xHB:diskutil.obj
 0001:00022cd0       _HB_FUN_DISKREADY          00423cd0 f   xHB:diskutil.obj
 0001:00022cf0       _HB_FUN_DISKREADYW         00423cf0 f   xHB:diskutil.obj
 0001:00022d10       _HB_FUN_DISKFREE           00423d10 f   xHB:diskutil.obj
 0001:00022d30       _HB_FUN_DISKTOTAL          00423d30 f   xHB:diskutil.obj
 0001:00022d50       _HB_FUN_DISKUSED           00423d50 f   xHB:diskutil.obj
 0001:00022d70       _HB_FUN_FILEVALID          00423d70 f   xHB:diskutil.obj
 0001:00022d90       _HB_FUN_FLOPPYTYPE         00423d90 f   xHB:diskutil.obj
 0001:00022db0       _HB_FUN_RENAMEFILE         00423db0 f   xHB:diskutil.obj
 0001:00022dd0       _HB_FUN_TEMPFILE           00423dd0 f   xHB:diskutil.obj
 0001:00022e10       _hb_fsGetFileAttributes    00423e10 f   xHB:files.obj
 0001:00022e40       _HB_FUN_FILEATTR           00423e40 f   xHB:files.obj
 0001:00022ea0       _HB_FUN_SETFATTR           00423ea0 f   xHB:files.obj
 0001:00022f90       _HB_FUN_FILESEEK           00423f90 f   xHB:files.obj
 0001:00023050       _HB_FUN_FILESIZE           00424050 f   xHB:files.obj
 0001:00023190       _HB_FUN_FILEDATE           00424190 f   xHB:files.obj
 0001:000232d0       _HB_FUN_FILETIME           004242d0 f   xHB:files.obj
 0001:00023540       _HB_FUN_SETFDATI           00424540 f   xHB:files.obj
 0001:000236b0       _HB_FUN_FILEDELETE         004246b0 f   xHB:files.obj
 0001:000237b0       _HB_FUN_FILESMAX           004247b0 f   xHB:files.obj
 0001:000237d0       _HB_FUN_FOPEN              004247d0 f   xHB:philes.obj
 0001:00023880       _HB_FUN_FCREATE            00424880 f   xHB:philes.obj
 0001:00023920       _HB_FUN_HB_FCREATE         00424920 f   xHB:philes.obj
 0001:000239f0       _HB_FUN_FREAD              004249f0 f   xHB:philes.obj
 0001:00023b00       _HB_FUN_FWRITE             00424b00 f   xHB:philes.obj
 0001:00023bf0       _HB_FUN_FERROR             00424bf0 f   xHB:philes.obj
 0001:00023c20       _HB_FUN_FCLOSE             00424c20 f   xHB:philes.obj
 0001:00023ca0       _HB_FUN_FERASE             00424ca0 f   xHB:philes.obj
 0001:00023d10       _HB_FUN_FRENAME            00424d10 f   xHB:philes.obj
 0001:00023d90       _HB_FUN_FSEEK              00424d90 f   xHB:philes.obj
 0001:00023e70       _HB_FUN_FREADSTR           00424e70 f   xHB:philes.obj
 0001:00023f60       _HB_FUN_CURDIR             00424f60 f   xHB:philes.obj
 0001:00023fe0       _HB_FUN_HB_F_EOF           00424fe0 f   xHB:philes.obj
 0001:00024060       _HB_FUN_CURDIRX            00425060 f   xHB:philes.obj
 0001:00024150       _HB_FUN_HB_FCOMMIT         00425150 f   xHB:philes.obj
 0001:000241a0       _HB_FUN_HB_FLOCK           004251a0 f   xHB:philes.obj
 0001:00024290       _HB_FUN_HB_FUNLOCK         00425290 f   xHB:philes.obj
 0001:00024350       _HB_FUN_HB_OSERROR         00425350 f   xHB:philes.obj
 0001:00024380       _HB_FUN_HB_OSPATHSEPARATOR 00425380 f   xHB:philes.obj
 0001:000243a0       _HB_FUN_HB_OSPATHLISTSEPARATOR 004253a0 f   xHB:philes.obj
 0001:000243c0       _HB_FUN_HB_OSPATHDELIMITERS 004253c0 f   xHB:philes.obj
 0001:000243e0       _HB_FUN_HB_OSDRIVESEPARATOR 004253e0 f   xHB:philes.obj
 0001:00024400       _HB_FUN_HB_OSFILEMASK      00425400 f   xHB:philes.obj
 0001:00024420       _HB_FUN_HB_OPENPROCESS     00425420 f   xHB:philes.obj
 0001:00024770       _HB_FUN_HB_CLOSEPROCESS    00425770 f   xHB:philes.obj
 0001:00024850       _HB_FUN_HB_PROCESSVALUE    00425850 f   xHB:philes.obj
 0001:00024930       _HB_FUN_TRANSFORM          00425930 f   xHB:transfrm.obj
 0001:00026a20       _HB_FUN_HBCLASS            00427a20 f   xHB:tclass.obj
 0001:00026d50       _HB_FUN_HBOBJECT           00427d50 f   xHB:tobject.obj
 0001:00026e10       _HB_FUN_TASSOCIATIVEARRAY  00427e10 f   xHB:tobject.obj
 0001:00026e30       _HB_FUN_HASHENTRY          00427e30 f   xHB:tobject.obj
 0001:00026e90       _HB_FUN_HASHADDMEMBER      00427e90 f   xHB:tobject.obj
 0001:000270d0       _hb_clsInit                004280d0 f   xHB:classes.obj
 0001:00027240       _hb_clsDisableDestructors  00428240 f   xHB:classes.obj
 0001:00027250       _hb_clsDestructorsAllowed  00428250 f   xHB:classes.obj
 0001:00027260       _hb_clsClearAllClassDatas  00428260 f   xHB:classes.obj
 0001:000272a0       _hb_clsClearAll            004282a0 f   xHB:classes.obj
 0001:000272e0       _hb_clsReleaseAll          004282e0 f   xHB:classes.obj
 0001:00027390       _hb_clsIsClassRef          00428390 f   xHB:classes.obj
 0001:000278f0       _hb_clsIsParent            004288f0 f   xHB:classes.obj
 0001:00027980       _hb_objGetClsName          00428980 f   xHB:classes.obj
 0001:00027a90       _hb_clsName                00428a90 f   xHB:classes.obj
 0001:00027ac0       _hb_objGetRealCls          00428ac0 f   xHB:classes.obj
 0001:00027b50       _hb_objGetRealClsName      00428b50 f   xHB:classes.obj
 0001:00027c80       _hb_objGetOpOver           00428c80 f   xHB:classes.obj
 0001:00027cb0       _hb_objGetClsSymbol        00428cb0 f   xHB:classes.obj
 0001:00027ee0       _hb_objGetMethod           00428ee0 f   xHB:classes.obj
 0001:00027f30       _hb_objGetMthd             00428f30 f   xHB:classes.obj
 0001:00028180       _hb_clsHasMsg              00429180 f   xHB:classes.obj
 0001:00028200       _hb_objGetpMthd            00429200 f   xHB:classes.obj
 0001:00028250       _hb_objGetpMethod          00429250 f   xHB:classes.obj
 0001:00028290       _hb_objHasMsg              00429290 f   xHB:classes.obj
 0001:000282b0       _hb_objHasMessage          004292b0 f   xHB:classes.obj
 0001:000293a0       _HB_FUN___CLSADDMSG        0042a3a0 f   xHB:classes.obj
 0001:000295d0       ___cls_CntMethods          0042a5d0 f   xHB:classes.obj
 0001:0002a2f0       _HB_FUN___CLSNEW           0042b2f0 f   xHB:classes.obj
 0001:0002a460       _hb_clsDeactiveClass       0042b460 f   xHB:classes.obj
 0001:0002a4d0       _HB_FUN___CLSISACTIVE      0042b4d0 f   xHB:classes.obj
 0001:0002a530       _HB_FUN___CLSACTIVE        0042b530 f   xHB:classes.obj
 0001:0002a5c0       _HB_FUN___CLSSETMODULE     0042b5c0 f   xHB:classes.obj
 0001:0002a640       _HB_FUN___CLSDELMSG        0042b640 f   xHB:classes.obj
 0001:0002a790       _HB_FUN___CLSINST          0042b790 f   xHB:classes.obj
 0001:0002a7b0       _hb_clsInst                0042b7b0 f   xHB:classes.obj
 0001:0002abe0       _HB_FUN___CLSMODMSG        0042bbe0 f   xHB:classes.obj
 0001:0002af10       _HB_FUN___CLSMSGASSIGNED   0042bf10 f   xHB:classes.obj
 0001:0002afd0       _HB_FUN___OBJGETCLSNAME    0042bfd0 f   xHB:classes.obj
 0001:0002b000       _HB_FUN___CLSHASMSG        0042c000 f   xHB:classes.obj
 0001:0002b0d0       _HB_FUN___OBJHASMSG        0042c0d0 f   xHB:classes.obj
 0001:0002b160       _hb_objClone               0042c160 f   xHB:classes.obj
 0001:0002b250       _HB_FUN___OBJCLONE         0042c250 f   xHB:classes.obj
 0001:0002b2a0       _hb_objSendMsg             0042c2a0 f   xHB:classes.obj
 0001:0002b330       _hb_objSendSymbol          0042c330 f   xHB:classes.obj
 0001:0002b380       _hb_objSendMessage         0042c380 f   xHB:classes.obj
 0001:0002b3d0       _HB_FUN___OBJSENDMSG       0042c3d0 f   xHB:classes.obj
 0001:0002b490       _HB_FUN___OBJSENDMSGCASE   0042c490 f   xHB:classes.obj
 0001:0002b550       _HB_FUN___CLSINSTSUPER     0042c550 f   xHB:classes.obj
 0001:0002b690       _HB_FUN___CLS_CNTCLSDATA   0042c690 f   xHB:classes.obj
 0001:0002b6f0       _HB_FUN___CLS_CNTSHRDATA   0042c6f0 f   xHB:classes.obj
 0001:0002b730       _HB_FUN___CLS_CNTDATA      0042c730 f   xHB:classes.obj
 0001:0002b780       _HB_FUN___CLS_DECDATA      0042c780 f   xHB:classes.obj
 0001:0002b7d0       _HB_FUN___CLS_INCDATA      0042c7d0 f   xHB:classes.obj
 0001:0002b840       _HB_FUN___CLASSNAME        0042c840 f   xHB:classes.obj
 0001:0002b8a0       _HB_FUN___CLASSSEL         0042c8a0 f   xHB:classes.obj
 0001:0002b950       _HB_FUN___GETMEMBERS       0042c950 f   xHB:classes.obj
 0001:0002bb60       _HB_FUN___GETMESSAGE       0042cb60 f   xHB:classes.obj
 0001:0002bb90       _HB_FUN___CLSPARENT        0042cb90 f   xHB:classes.obj
 0001:0002bbe0       _HB_FUN___SENDER           0042cbe0 f   xHB:classes.obj
 0001:0002bc60       _hb_objClassH              0042cc60 f   xHB:classes.obj
 0001:0002bd80       _HB_FUN___CLASSH           0042cd80 f   xHB:classes.obj
 0001:0002bdb0       _HB_FUN___EVAL             0042cdb0 f   xHB:classes.obj
 0001:0002c460       _hb___msgGetClsData        0042d460 f   xHB:classes.obj
 0001:0002c4b0       _hb___msgSetClsData        0042d4b0 f   xHB:classes.obj
 0001:0002c510       _hb___msgGetShrData        0042d510 f   xHB:classes.obj
 0001:0002c560       _hb___msgSetShrData        0042d560 f   xHB:classes.obj
 0001:0002c5d0       _hb___msgGetData           0042d5d0 f   xHB:classes.obj
 0001:0002c620       _hb___msgSetData           0042d620 f   xHB:classes.obj
 0001:0002c760       _hb_clsClassesArray        0042d760 f   xHB:classes.obj
 0001:0002c770       _hb_clsMaxClasses          0042d770 f   xHB:classes.obj
 0001:0002c780       _HB_FUN___GETMSGPRF        0042d780 f   xHB:classes.obj
 0001:0002c7b0       _hb_mthAddTime             0042d7b0 f   xHB:classes.obj
 0001:0002c7c0       _hb_clsFinalize            0042d7c0 f   xHB:classes.obj
 0001:0002c9c0       _HB_FUN___CLSGETPROPERTIES 0042d9c0 f   xHB:classes.obj
 0001:0002ca80       _HB_FUN___CLSGETPROPERTIESANDVALUES 0042da80 f   xHB:classes.obj
 0001:0002cb90       _HB_FUN___CLSGETIVARNAMESANDVALUES 0042db90 f   xHB:classes.obj
 0001:0002ccd0       _hb_clsSymbolFromFunction  0042dcd0 f   xHB:classes.obj
 0001:0002cd40       _HB_FUN_HB_OBJMSGPTR       0042dd40 f   xHB:classes.obj
 0001:0002cde0       _hb_clsGetHandleFromName   0042dde0 f   xHB:classes.obj
 0001:0002ce50       _HB_FUN___CLSGETHANDLEFROMNAME 0042de50 f   xHB:classes.obj
 0001:0002cfe0       _hb_clsSetModule           0042dfe0 f   xHB:classes.obj
 0001:0002d020       _HB_FUN___SETCLASSSCOPE    0042e020 f   xHB:classes.obj
 0001:0002d070       _hb_clsSetScope            0042e070 f   xHB:classes.obj
 0001:0002d090       _HB_FUN___SETCLASSAUTOINIT 0042e090 f   xHB:classes.obj
 0001:0002d210       _HB_FUN___CLSADDFRIEND     0042e210 f   xHB:classes.obj
 0001:0002d250       _HB_FUN___CLSFRIENDLY      0042e250 f   xHB:classes.obj
 0001:0002d370       _HB_FUN___CLSASSOCTYPE     0042e370 f   xHB:classes.obj
 0001:0002d5e0       _HB_FUN___CLSCNTCLASSES    0042e5e0 f   xHB:classes.obj
 0001:0002d600       _HB_FUN___CLSINSTNAME      0042e600 f   xHB:classes.obj
 0001:0002d6e0       _hb_clsCreate              0042e6e0 f   xHB:classes.obj
 0001:0002d710       _hb_clsAdd                 0042e710 f   xHB:classes.obj
 0001:0002d740       _hb_clsAddData             0042e740 f   xHB:classes.obj
 0001:0002d770       _hb_clsAssociate           0042e770 f   xHB:classes.obj
 0001:0002d790       _hb_clsAddDataInit         0042e790 f   xHB:classes.obj
 0001:0002d810       _HB_FUN_BROWSE             0042e810 f   xHB:browse.obj
 0001:0002d970       _HB_FUN_STR                0042e970 f   xHB:str.obj
 0001:0002dc40       _HB_FUN_VAL                0042ec40 f   xHB:val.obj
 0001:0002dcf0       _HB_FUN_VALTYPE            0042ecf0 f   xHB:valtype.obj
 0001:0002dd30       _HB_FUN_ISNULL             0042ed30 f   xHB:valtype.obj
 0001:0002dd90       _HB_FUN_SETNULL            0042ed90 f   xHB:valtype.obj
 0001:0002ddc0       _HB_FUN_HB_ISBYREF         0042edc0 f   xHB:valtype.obj
 0001:0002de30       _HB_FUN_HB_ISNIL           0042ee30 f   xHB:valtype.obj
 0001:0002de90       _HB_FUN_HB_ISNUMERIC       0042ee90 f   xHB:valtype.obj
 0001:0002ded0       _HB_FUN_HB_ISLOGICAL       0042eed0 f   xHB:valtype.obj
 0001:0002df10       _HB_FUN_HB_ISDATE          0042ef10 f   xHB:valtype.obj
 0001:0002df50       _HB_FUN_HB_ISDATETIME      0042ef50 f   xHB:valtype.obj
 0001:0002df90       _HB_FUN_HB_ISTIMESTAMP     0042ef90 f   xHB:valtype.obj
 0001:0002dfc0       _HB_FUN_HB_ISBLOCK         0042efc0 f   xHB:valtype.obj
 0001:0002e000       _HB_FUN_HB_ISPOINTER       0042f000 f   xHB:valtype.obj
 0001:0002e040       _HB_FUN_HB_ISSTRING        0042f040 f   xHB:valtype.obj
 0001:0002e080       _HB_FUN_HB_ISCHAR          0042f080 f   xHB:valtype.obj
 0001:0002e0c0       _HB_FUN_HB_ISMEMO          0042f0c0 f   xHB:valtype.obj
 0001:0002e100       _HB_FUN_HB_ISARRAY         0042f100 f   xHB:valtype.obj
 0001:0002e160       _HB_FUN_HB_ISOBJECT        0042f160 f   xHB:valtype.obj
 0001:0002e190       _HB_FUN_HB_ISHASH          0042f190 f   xHB:valtype.obj
 0001:0002e1d0       _HB_FUN_HB_ISNULL          0042f1d0 f   xHB:valtype.obj
 0001:0002e2a0       _hb_vmAtInit               0042f2a0 f   xHB:hvm.obj
 0001:0002e2f0       _hb_vmAtExit               0042f2f0 f   xHB:hvm.obj
 0001:0002e390       _hb_vmIsMt                 0042f390 f   xHB:hvm.obj
 0001:0002e3a0       _hb_vmLock                 0042f3a0 f   xHB:hvm.obj
 0001:0002e3b0       _hb_vmUnlock               0042f3b0 f   xHB:hvm.obj
 0001:0002e500       _hb_vmSymbolResolveDeferred 0042f500 f   xHB:hvm.obj
 0001:0002e630       _hb_vmInit                 0042f630 f   xHB:hvm.obj
 0001:0002e920       _hb_vmReleaseLocalSymbols  0042f920 f   xHB:hvm.obj
 0001:0002e9d0       _hb_vmQuit                 0042f9d0 f   xHB:hvm.obj
 0001:0002ece0       _hb_vmExecute              0042fce0 f   xHB:hvm.obj
 0001:00032e60       _HB_FUN_HB_VMEXECUTE       00433e60 f   xHB:hvm.obj
 0001:0003c090       _hb_vmOperatorCall         0043d090 f   xHB:hvm.obj
 0001:0003c160       _hb_vmOperatorCallUnary    0043d160 f   xHB:hvm.obj
 0001:0003c470       _hb_vmDo                   0043d470 f   xHB:hvm.obj
 0001:0003c750       _hb_vmSend                 0043d750 f   xHB:hvm.obj
 0001:0003d140       _hb_vmEvalBlock            0043e140 f   xHB:hvm.obj
 0001:0003d170       _hb_vmEvalBlockV           0043e170 f   xHB:hvm.obj
 0001:0003d1c0       _hb_vmEvalBlockOrMacro     0043e1c0 f   xHB:hvm.obj
 0001:0003d2a0       _hb_vmDestroyBlockOrMacro  0043e2a0 f   xHB:hvm.obj
 0001:0003d2e0       _hb_vmFunction             0043e2e0 f   xHB:hvm.obj
 0001:0003e7c0       _hb_vmPush                 0043f7c0 f   xHB:hvm.obj
 0001:0003e800       _hb_vmPushState            0043f800 f   xHB:hvm.obj
 0001:0003e860       _hb_vmPushNil              0043f860 f   xHB:hvm.obj
 0001:0003e890       _hb_vmPushLogical          0043f890 f   xHB:hvm.obj
 0001:0003e8d0       _hb_vmPushNumber           0043f8d0 f   xHB:hvm.obj
 0001:0003e8f0       _hb_vmPushNumType          0043f8f0 f   xHB:hvm.obj
 0001:0003e9a0       _hb_vmPushNumInt           0043f9a0 f   xHB:hvm.obj
 0001:0003ea50       _hb_vmPushInteger          0043fa50 f   xHB:hvm.obj
 0001:0003eb00       _hb_vmPushLong             0043fb00 f   xHB:hvm.obj
 0001:0003ec50       _hb_vmPushDouble           0043fc50 f   xHB:hvm.obj
 0001:0003ed80       _hb_vmPushDate             0043fd80 f   xHB:hvm.obj
 0001:0003edc0       _hb_vmPushDateTime         0043fdc0 f   xHB:hvm.obj
 0001:0003ee00       _hb_vmPushPointer          0043fe00 f   xHB:hvm.obj
 0001:0003ee40       _hb_vmPushString           0043fe40 f   xHB:hvm.obj
 0001:0003ee80       _hb_vmPushSymbol           0043fe80 f   xHB:hvm.obj
 0001:0003eee0       _hb_vmPushDynSym           0043fee0 f   xHB:hvm.obj
 0001:0003ef00       _hb_vmPushEvalSym          0043ff00 f   xHB:hvm.obj
 0001:0003f650       _hb_vmPopState             00440650 f   xHB:hvm.obj
 0001:0003ffe0       _hb_vmGetRealFuncSym       00440fe0 f   xHB:hvm.obj
 0001:00040020       _hb_vmFindModuleSymbols    00441020 f   xHB:hvm.obj
 0001:00040170       _hb_vmFreeSymbols          00441170 f   xHB:hvm.obj
 0001:000401f0       _hb_vmBeginSymbolGroup     004411f0 f   xHB:hvm.obj
 0001:00040210       _hb_vmInitSymbolGroup      00441210 f   xHB:hvm.obj
 0001:00040380       _hb_vmExitSymbolGroup      00441380 f   xHB:hvm.obj
 0001:00040440       _hb_vmRegisterSymbols      00441440 f   xHB:hvm.obj
 0001:00040a70       _hb_vmProcessSymbols       00441a70 f   xHB:hvm.obj
 0001:00040af0       _hb_vmProcessSysDllSymbols 00441af0 f   xHB:hvm.obj
 0001:00040b70       _hb_vmProcessPrgDllSymbols 00441b70 f   xHB:hvm.obj
 0001:00040c00       _hb_vmProcessExeUsesDllSymbols 00441c00 f   xHB:hvm.obj
 0001:00040c80       _hb_vmSymbols              00441c80 f   xHB:hvm.obj
 0001:00040c90       _hb_vmLastModule           00441c90 f   xHB:hvm.obj
 0001:00040cb0       _hb_vmExplicitStartup      00441cb0 f   xHB:hvm.obj
 0001:00040d30       _hb_vmDoExitFunctions      00441d30 f   xHB:hvm.obj
 0001:00040ea0       _hb_vmFindModule           00441ea0 f   xHB:hvm.obj
 0001:00040ed0       _hb_vmFindModuleByName     00441ed0 f   xHB:hvm.obj
 0001:00040f70       _hb_vmForceLink            00441f70 f   xHB:hvm.obj
 0001:00040f80       _HB_FUN_ERRORLEVEL         00441f80 f   xHB:hvm.obj
 0001:00040fc0       _hb_vmRequestQuit          00441fc0 f   xHB:hvm.obj
 0001:00040fe0       _hb_vmRequestEndProc       00441fe0 f   xHB:hvm.obj
 0001:00041000       _hb_vmRequestBreak         00442000 f   xHB:hvm.obj
 0001:00041070       _hb_vmRequestCancel        00442070 f   xHB:hvm.obj
 0001:000411a0       _hb_vmRequestQuery         004421a0 f   xHB:hvm.obj
 0001:000411b0       _hb_vmRequestReenter       004421b0 f   xHB:hvm.obj
 0001:00041210       _hb_vmRequestRestore       00442210 f   xHB:hvm.obj
 0001:00041310       _hb_vmRequestReset         00442310 f   xHB:hvm.obj
 0001:00041330       _hb_vmRequest              00442330 f   xHB:hvm.obj
 0001:00041350       _hb_vmIsLocalRef           00442350 f   xHB:hvm.obj
 0001:00041420       _hb_vmIsStaticRef          00442420 f   xHB:hvm.obj
 0001:00041430       _hb_vmRegisterGlobals      00442430 f   xHB:hvm.obj
 0001:000414b0       _hb_vmIsGlobalRef          004424b0 f   xHB:hvm.obj
 0001:000414c0       _HB_FUN___SETPROFILER      004424c0 f   xHB:hvm.obj
 0001:000414d0       _HB_FUN___TRACEPRGCALLS    004424d0 f   xHB:hvm.obj
 0001:000414f0       _hb_vmPushBaseArray        004424f0 f   xHB:hvm.obj
 0001:00041580       _hb_vmPushItemRef          00442580 f   xHB:hvm.obj
 0001:000415c0       _HB_FUN_HB_FUNCPTR         004425c0 f   xHB:hvm.obj
 0001:00041650       _HB_FUN_HB_QSELF           00442650 f   xHB:hvm.obj
 0001:000416c0       _HB_FUN___OPCOUNT          004426c0 f   xHB:hvm.obj
 0001:000416e0       _HB_FUN___OPGETPRF         004426e0 f   xHB:hvm.obj
 0001:00041710       _HB_FUN_HB_SAVEBLOCK       00442710 f   xHB:hvm.obj
 0001:00041830       _HB_FUN_HB_RESTOREBLOCK    00442830 f   xHB:hvm.obj
 0001:00041b40       _HB_FUN_HB_NOMOUSE         00442b40 f   xHB:hvm.obj
 0001:00041b50       _HB_FUN_HB_NOSTARTUPWINDOW 00442b50 f   xHB:hvm.obj
 0001:00041b60       _HB_FUN_HB_RESETWITH       00442b60 f   xHB:hvm.obj
 0001:00041bc0       _HB_FUN_HB_WITHOBJECTCOUNTER 00442bc0 f   xHB:hvm.obj
 0001:00041be0       _HB_FUN___TEXTINTO         00442be0 f   xHB:hvm.obj
 0001:00041c20       _HB_FUN_HB_MULTITHREAD     00442c20 f   xHB:hvm.obj
 0001:00041c40       _HB_FUN_HB_VMMODE          00442c40 f   xHB:hvm.obj
 0001:00041c90       _hb_xvmExitProc            00442c90 f   xHB:hvm.obj
 0001:00041cb0       _hb_xvmSeqBegin            00442cb0 f   xHB:hvm.obj
 0001:00041d40       _hb_xvmSeqEnd              00442d40 f   xHB:hvm.obj
 0001:00041e10       _hb_xvmSeqRecover          00442e10 f   xHB:hvm.obj
 0001:00041e80       _hb_xvmTryBegin            00442e80 f   xHB:hvm.obj
 0001:00041eb0       _hb_xvmTryEnd              00442eb0 f   xHB:hvm.obj
 0001:00041ef0       _hb_xvmTryEndFin           00442ef0 f   xHB:hvm.obj
 0001:00041fd0       _hb_xvmTryRecover          00442fd0 f   xHB:hvm.obj
 0001:00042010       _hb_xvmBeginFinally        00443010 f   xHB:hvm.obj
 0001:00042030       _hb_xvmEndFinally          00443030 f   xHB:hvm.obj
 0001:00042070       _hb_xvmSetLine             00443070 f   xHB:hvm.obj
 0001:000420a0       _hb_xvmBaseLine            004430a0 f   xHB:hvm.obj
 0001:000420e0       _hb_xvmLineOffset          004430e0 f   xHB:hvm.obj
 0001:00042120       _hb_xvmClassSetModule      00443120 f   xHB:hvm.obj
 0001:000421d0       _hb_xvmIVarRef             004431d0 f   xHB:hvm.obj
 0001:00042550       _hb_xvmFrame               00443550 f   xHB:hvm.obj
 0001:00042570       _hb_xvmSFrame              00443570 f   xHB:hvm.obj
 0001:00042580       _hb_xvmDo                  00443580 f   xHB:hvm.obj
 0001:000425b0       _hb_xvmFunction            004435b0 f   xHB:hvm.obj
 0001:00042630       _hb_xvmSend                00443630 f   xHB:hvm.obj
 0001:000426b0       _hb_xvmSendWith            004436b0 f   xHB:hvm.obj
 0001:00042730       _hb_xvmRetValue            00443730 f   xHB:hvm.obj
 0001:000427a0       _hb_xvmStatics             004437a0 f   xHB:hvm.obj
 0001:000427c0       _hb_xvmParameter           004437c0 f   xHB:hvm.obj
 0001:000427e0       _hb_xvmPushLocal           004437e0 f   xHB:hvm.obj
 0001:000427f0       _hb_xvmPushLocalByRef      004437f0 f   xHB:hvm.obj
 0001:00042800       _hb_xvmPopLocal            00443800 f   xHB:hvm.obj
 0001:00042810       _hb_xvmPushStatic          00443810 f   xHB:hvm.obj
 0001:00042820       _hb_xvmPushStaticByRef     00443820 f   xHB:hvm.obj
 0001:00042830       _hb_xvmPopStatic           00443830 f   xHB:hvm.obj
 0001:00042840       _hb_xvmPushGlobal          00443840 f   xHB:hvm.obj
 0001:00042860       _hb_xvmPushGlobalByRef     00443860 f   xHB:hvm.obj
 0001:000428b0       _hb_xvmPopGlobal           004438b0 f   xHB:hvm.obj
 0001:00042990       _hb_xvmPushVariable        00443990 f   xHB:hvm.obj
 0001:000429c0       _hb_xvmPopVariable         004439c0 f   xHB:hvm.obj
 0001:00042a50       _hb_xvmPushBlockShort      00443a50 f   xHB:hvm.obj
 0001:00042a70       _hb_xvmPushBlock           00443a70 f   xHB:hvm.obj
 0001:00042a90       _hb_xvmPushSelf            00443a90 f   xHB:hvm.obj
 0001:00042ab0       _hb_xvmPopLogical          00443ab0 f   xHB:hvm.obj
 0001:00042ae0       _hb_xvmPopAlias            00443ae0 f   xHB:hvm.obj
 0001:00042b40       _hb_xvmSwapAlias           00443b40 f   xHB:hvm.obj
 0001:00042b70       _hb_xvmPushField           00443b70 f   xHB:hvm.obj
 0001:00042bc0       _hb_xvmPushAlias           00443bc0 f   xHB:hvm.obj
 0001:00042bf0       _hb_xvmPushAliasedField    00443bf0 f   xHB:hvm.obj
 0001:00042c20       _hb_xvmPushAliasedVar      00443c20 f   xHB:hvm.obj
 0001:00042c50       _hb_xvmPopField            00443c50 f   xHB:hvm.obj
 0001:00042ce0       _hb_xvmPushMemvar          00443ce0 f   xHB:hvm.obj
 0001:00042d30       _hb_xvmPushMemvarByRef     00443d30 f   xHB:hvm.obj
 0001:00042d80       _hb_xvmPopMemvar           00443d80 f   xHB:hvm.obj
 0001:00042e10       _hb_xvmPopAliasedField     00443e10 f   xHB:hvm.obj
 0001:00042e40       _hb_xvmPopAliasedVar       00443e40 f   xHB:hvm.obj
 0001:00042e70       _hb_xvmLocalAddInt         00443e70 f   xHB:hvm.obj
 0001:00042eb0       _hb_xvmLocalAdd            00443eb0 f   xHB:hvm.obj
 0001:00042f80       _hb_xvmEqual               00443f80 f   xHB:hvm.obj
 0001:00042fb0       _hb_xvmAnd                 00443fb0 f   xHB:hvm.obj
 0001:00042fe0       _hb_xvmOr                  00443fe0 f   xHB:hvm.obj
 0001:00043010       _hb_xvmNot                 00444010 f   xHB:hvm.obj
 0001:00043040       _hb_xvmNegate              00444040 f   xHB:hvm.obj
 0001:00043070       _hb_xvmPower               00444070 f   xHB:hvm.obj
 0001:000430a0       _hb_xvmDuplicate           004440a0 f   xHB:hvm.obj
 0001:000430b0       _hb_xvmDuplTwo             004440b0 f   xHB:hvm.obj
 0001:000430c0       _hb_xvmForTest             004440c0 f   xHB:hvm.obj
 0001:000430f0       _hb_xvmFuncPtr             004440f0 f   xHB:hvm.obj
 0001:00043100       _hb_xvmNotEqual            00444100 f   xHB:hvm.obj
 0001:00043130       _hb_xvmLess                00444130 f   xHB:hvm.obj
 0001:00043160       _hb_xvmLessEqual           00444160 f   xHB:hvm.obj
 0001:00043190       _hb_xvmGreater             00444190 f   xHB:hvm.obj
 0001:000431c0       _hb_xvmGreaterEqual        004441c0 f   xHB:hvm.obj
 0001:000431f0       _hb_xvmInstring            004441f0 f   xHB:hvm.obj
 0001:00043220       _hb_xvmAddInt              00444220 f   xHB:hvm.obj
 0001:00043260       _hb_xvmPlus                00444260 f   xHB:hvm.obj
 0001:00043300       _hb_xvmMinus               00444300 f   xHB:hvm.obj
 0001:00043330       _hb_xvmMultByInt           00444330 f   xHB:hvm.obj
 0001:000434a0       _hb_xvmMult                004444a0 f   xHB:hvm.obj
 0001:000434d0       _hb_xvmDivideByInt         004444d0 f   xHB:hvm.obj
 0001:000436e0       _hb_xvmDivide              004446e0 f   xHB:hvm.obj
 0001:00043710       _hb_xvmModulus             00444710 f   xHB:hvm.obj
 0001:00043740       _hb_xvmInc                 00444740 f   xHB:hvm.obj
 0001:00043770       _hb_xvmDec                 00444770 f   xHB:hvm.obj
 0001:000437a0       _hb_xvmBitAnd              004447a0 f   xHB:hvm.obj
 0001:000437d0       _hb_xvmBitOr               004447d0 f   xHB:hvm.obj
 0001:00043800       _hb_xvmBitXor              00444800 f   xHB:hvm.obj
 0001:00043830       _hb_xvmBitShiftL           00444830 f   xHB:hvm.obj
 0001:00043860       _hb_xvmBitShiftR           00444860 f   xHB:hvm.obj
 0001:00043890       _hb_xvmLeft                00444890 f   xHB:hvm.obj
 0001:00043990       _hb_xvmRight               00444990 f   xHB:hvm.obj
 0001:000439f0       _hb_xvmLike                004449f0 f   xHB:hvm.obj
 0001:00043aa0       _hb_xvmMatch               00444aa0 f   xHB:hvm.obj
 0001:00043b50       _hb_xvmArrayDim            00444b50 f   xHB:hvm.obj
 0001:00043b60       _hb_xvmArrayGen            00444b60 f   xHB:hvm.obj
 0001:00043b80       _hb_xvmHashGen             00444b80 f   xHB:hvm.obj
 0001:000442e0       _hb_xvmArrayPush           004452e0 f   xHB:hvm.obj
 0001:00044310       _hb_xvmArrayPushRef        00445310 f   xHB:hvm.obj
 0001:00044340       _hb_xvmArrayItemPush       00445340 f   xHB:hvm.obj
 0001:00044370       _hb_xvmArrayPop            00445370 f   xHB:hvm.obj
 0001:000443a0       _hb_xvmArrayPopPlus        004453a0 f   xHB:hvm.obj
 0001:000443d0       _hb_xvmArrayItemPop        004453d0 f   xHB:hvm.obj
 0001:00044400       _hb_xvmPushDouble          00445400 f   xHB:hvm.obj
 0001:00044420       _hb_xvmPushLongLong        00445420 f   xHB:hvm.obj
 0001:00044440       _hb_xvmLocalName           00445440 f   xHB:hvm.obj
 0001:00044460       _hb_xvmStaticName          00445460 f   xHB:hvm.obj
 0001:00044480       _hb_xvmModuleName          00445480 f   xHB:hvm.obj
 0001:00044490       _hb_xvmMacroList           00445490 f   xHB:hvm.obj
 0001:000444b0       _hb_xvmMacroListEnd        004454b0 f   xHB:hvm.obj
 0001:000444d0       _hb_xvmMacroPush           004454d0 f   xHB:hvm.obj
 0001:00044510       _hb_xvmPushMacroRef        00445510 f   xHB:hvm.obj
 0001:00044550       _hb_xvmMacroPushIndex      00445550 f   xHB:hvm.obj
 0001:00044680       _hb_xvmMacroPushArg        00445680 f   xHB:hvm.obj
 0001:000446e0       _hb_xvmMacroPushList       004456e0 f   xHB:hvm.obj
 0001:00044720       _hb_xvmMacroPushPare       00445720 f   xHB:hvm.obj
 0001:00044760       _hb_xvmMacroPushAliased    00445760 f   xHB:hvm.obj
 0001:000447a0       _hb_xvmMacroPop            004457a0 f   xHB:hvm.obj
 0001:000447e0       _hb_xvmMacroPopAliased     004457e0 f   xHB:hvm.obj
 0001:00044820       _hb_xvmMacroSymbol         00445820 f   xHB:hvm.obj
 0001:00044850       _hb_xvmMacroText           00445850 f   xHB:hvm.obj
 0001:00044880       _hb_xvmLocalSetInt         00445880 f   xHB:hvm.obj
 0001:00044910       _hb_xvmLocalSetStr         00445910 f   xHB:hvm.obj
 0001:000449b0       _hb_xvmSwitchCase          004459b0 f   xHB:hvm.obj
 0001:00044a90       _hb_xvmPushWith            00445a90 f   xHB:hvm.obj
 0001:00044ad0       _hb_xvmWithObject          00445ad0 f   xHB:hvm.obj
 0001:00044b90       _hb_xvmEndWithObject       00445b90 f   xHB:hvm.obj
 0001:00044be0       _hb_xvmEnumIndex           00445be0 f   xHB:hvm.obj
 0001:00044c70       _hb_xvmForEach             00445c70 f   xHB:hvm.obj
 0001:00044e60       _hb_xvmEnumerate           00445e60 f   xHB:hvm.obj
 0001:00045030       _hb_xvmEndEnumerate        00446030 f   xHB:hvm.obj
 0001:00045120       _hb_xvmLocalSetStringHidden 00446120 f   xHB:hvm.obj
 0001:000451d0       _hb_xvmPushStringHidden    004461d0 f   xHB:hvm.obj
 0001:00045200       _hb_xvmDivert              00446200 f   xHB:hvm.obj
 0001:00045210       _hb_vmRequestDebug         00446210 f   xHB:hvm.obj
 0001:00045220       _hb_dbg_InvokeDebug        00446220 f   xHB:hvm.obj
 0001:00045240       _hb_dbg_SetEntry           00446240 f   xHB:hvm.obj
 0001:00045260       _hb_dbg_vmVarSGet          00446260 f   xHB:hvm.obj
 0001:00045280       _hb_dbg_ProcLevel          00446280 f   xHB:hvm.obj
 0001:00045290       _HB_FUN_HB_DBG_INVOKEDEBUG 00446290 f   xHB:hvm.obj
 0001:000452e0       _HB_FUN_HB_DBG_VMVARSLIST  004462e0 f   xHB:hvm.obj
 0001:00045310       _HB_FUN_HB_DBG_VMVARSLEN   00446310 f   xHB:hvm.obj
 0001:00045330       _HB_FUN_HB_DBG_VMVARSGET   00446330 f   xHB:hvm.obj
 0001:00045370       _HB_FUN_HB_DBG_VMVARSSET   00446370 f   xHB:hvm.obj
 0001:000453c0       _HB_FUN_HB_DBG_PROCLEVEL   004463c0 f   xHB:hvm.obj
 0001:000453e0       _hb_dbg_vmVarGCount        004463e0 f   xHB:hvm.obj
 0001:000453f0       _hb_dbg_vmVarGGet          004463f0 f   xHB:hvm.obj
 0001:00045410       _HB_FUN_HB_DBG_VMVARGLIST  00446410 f   xHB:hvm.obj
 0001:00045440       _HB_FUN_HB_DBG_VMVARGGET   00446440 f   xHB:hvm.obj
 0001:00045480       _HB_FUN_HB_DBG_VMVARGSET   00446480 f   xHB:hvm.obj
 0001:000454d0       _HB_FUN___VMVARGLIST       004464d0 f   xHB:hvm.obj
 0001:000454e0       _HB_FUN___VMVARSLIST       004464e0 f   xHB:hvm.obj
 0001:000454f0       _HB_FUN___VMVARSLEN        004464f0 f   xHB:hvm.obj
 0001:00045500       _HB_FUN___VMVARSGET        00446500 f   xHB:hvm.obj
 0001:00045510       _HB_FUN___VMVARSSET        00446510 f   xHB:hvm.obj
 0001:00045520       _hb_vmPushSize             00446520 f   xHB:hvm.obj
 0001:00045530       _hb_param                  00446530 f   xHB:extend.obj
 0001:000455d0       _hb_paramError             004465d0 f   xHB:extend.obj
 0001:00045600       _hb_extIsArray             00446600 f   xHB:extend.obj
 0001:00045660       _hb_extIsObject            00446660 f   xHB:extend.obj
 0001:000456f0       _hb_parc                   004466f0 f   xHB:extend.obj
 0001:00045790       _hb_parcx                  00446790 f   xHB:extend.obj
 0001:00045830       _hb_parclen                00446830 f   xHB:extend.obj
 0001:000458d0       _hb_parcsiz                004468d0 f   xHB:extend.obj
 0001:00045970       _hb_pards                  00446970 f   xHB:extend.obj
[...]
 0001:000cc491       _hb_fptGCfreeBlock         004cd491 f   DBF:dbffpt1.obj
 0001:000cce90       _hb_fptWriteGCdata         004cde90 f   DBF:dbffpt1.obj
 0001:000d11f9       _hb_fptWriteMemo           004d21f9 f   DBF:dbffpt1.obj
 0001:000d1e83       _hb_fptLockForRead         004d2e83 f   DBF:dbffpt1.obj
 0001:000d05f4       _hb_fptReadRawBlock        004d15f4 f   DBF:dbffpt1.obj
 0001:000d0874       _hb_fptReadSMTBlock        004d1874 f   DBF:dbffpt1.obj
 0001:000d06d0       _hb_fptReadBlobBlock       004d16d0 f   DBF:dbffpt1.obj
 0001:000d09a4       _hb_fptGetMemo             004d19a4 f   DBF:dbffpt1.obj
 0001:000cbde6       _hb_fptFileUnLockSh        004ccde6 f   DBF:dbffpt1.obj
 0001:000cbae0       _hb_memoErrorRT            004ccae0 f   DBF:dbffpt1.obj
 0001:000cbc74       _hb_fptFileLockEx          004ccc74 f   DBF:dbffpt1.obj
 0001:000cbd97       _hb_fptFileUnLockEx        004ccd97 f   DBF:dbffpt1.obj
 0001:000d17fa       _hb_fptPutMemo             004d27fa f   DBF:dbffpt1.obj
 0001:000d1eae       _hb_fptGetVarField         004d2eae f   DBF:dbffpt1.obj
 0001:000d27a2       _hb_fptPutVarField         004d37a2 f   DBF:dbffpt1.obj
 0001:000cbd03       _hb_fptFileLockSh          004ccd03 f   DBF:dbffpt1.obj
 0001:000d0433       _hb_fptCopyToFile          004d1433 f   DBF:dbffpt1.obj
 0001:000d4604       _hb_fptDoPackRec           004d5604 f   DBF:dbffpt1.obj
 0001:000cbc08       _hb_memoDefaultFileExt     004ccc08 f   DBF:dbffpt1.obj
 0001:000d4ba4       _hb_fptDoPack              004d5ba4 f   DBF:dbffpt1.obj
 0001:000d24ae       _hb_fptGetVarFile          004d34ae f   DBF:dbffpt1.obj
 0001:000d25e5       _hb_fptPutVarFile          004d35e5 f   DBF:dbffpt1.obj
 0001:000cbf1b       _hb_fptGetRootBlock        004ccf1b f   DBF:dbffpt1.obj
 0001:000cbf8c       _hb_fptPutRootBlock        004ccf8c f   DBF:dbffpt1.obj
 0001:000cbe7e       _hb_fptRootBlockLock       004cce7e f   DBF:dbffpt1.obj
 0001:000cbec9       _hb_fptRootBlockUnLock     004ccec9 f   DBF:dbffpt1.obj
 0001:000cd68a       _hb_fptGetMemoType         004ce68a f   DBF:dbffpt1.obj
 0001:000d64a7       _hb_dbffptRegisterRDD      004d74a7 f   DBF:dbffpt1.obj
 0001:000d6579       _hb_dbffptRddInit          004d7579 f   DBF:dbffpt1.obj
 0001:000d5db1       _hb_fptFieldInfo           004d6db1 f   DBF:dbffpt1.obj
 0001:000d311e       _hb_fptGetValue            004d411e f   DBF:dbffpt1.obj
 0001:000d3039       _hb_fptGetVarLen           004d4039 f   DBF:dbffpt1.obj
 0001:000d31ac       _hb_fptPutValue            004d41ac f   DBF:dbffpt1.obj
 0001:000d54b7       _hb_fptInfo                004d64b7 f   DBF:dbffpt1.obj
 0001:000d3027       _hb_fptStructSize          004d4027 f   DBF:dbffpt1.obj
 0001:000d5182       _hb_fptPack                004d6182 f   DBF:dbffpt1.obj
 0001:000d50cd       _hb_fptPackRec             004d60cd f   DBF:dbffpt1.obj
 0001:000d3238       _hb_fptCreateMemFile       004d4238 f   DBF:dbffpt1.obj
 0001:000d3a19       _hb_fptGetValueFile        004d4a19 f   DBF:dbffpt1.obj
 0001:000d3bf8       _hb_fptOpenMemFile         004d4bf8 f   DBF:dbffpt1.obj
 0001:000d414b       _hb_fptPutValueFile        004d514b f   DBF:dbffpt1.obj
 0001:000d6073       _hb_fptRddInfo             004d7073 f   DBF:dbffpt1.obj
 0001:000d6623       __hb_dbffpt_rdd_init_      004d7623 f   DBF:dbffpt1.obj
 0001:000d65de       _dbffpt1__InitSymbols      004d75de f   DBF:dbffpt1.obj
 0001:000d6640       _hb_sxInitSeed             004d7640 f   DBF:sxcrypt.obj
 0001:000d66a5       _hb_sxNextSeed             004d76a5 f   DBF:sxcrypt.obj
 0001:000d68be       __hb_sxGetKey              004d78be f   DBF:sxcrypt.obj
 0001:000d6ec0       _hb_dbQSortIsLess          004d7ec0 f   DBF:hbdbsort.obj
 0001:000d7259       _hb_dbQSortSwap            004d8259 f   DBF:hbdbsort.obj
 0001:000d737b       _hb_dbQSortDo              004d837b f   DBF:hbdbsort.obj
 0001:000d7882       _hb_ntxKeyNew              004d8882 f   NTX:dbfntx1.obj
 0001:000d7958       _hb_ntxItemType            004d8958 f   NTX:dbfntx1.obj
 0001:000d76e0       _hb_ntxNumToStr            004d86e0 f   NTX:dbfntx1.obj
 0001:000d7780       _hb_ntxStrToNum            004d8780 f   NTX:dbfntx1.obj
 0001:000d7cee       _hb_ntxKeyGetItem          004d8cee f   NTX:dbfntx1.obj
 0001:000d7a77       _hb_ntxKeyPutItem          004d8a77 f   NTX:dbfntx1.obj
 0001:000d81a7       _hb_ntxValCompare          004d91a7 f   NTX:dbfntx1.obj
 0001:000d82fc       _hb_ntxInTopScope          004d92fc f   NTX:dbfntx1.obj
 0001:000d83cc       _hb_ntxInBottomScope       004d93cc f   NTX:dbfntx1.obj
 0001:000d7a4a       _hb_ntxItemTypeCmp         004d8a4a f   NTX:dbfntx1.obj
 0001:000d84f4       _hb_ntxTagClearScope       004d94f4 f   NTX:dbfntx1.obj
 0001:000d75d0       _hb_ntxErrorRT             004d85d0 f   NTX:dbfntx1.obj
 0001:000d8a8c       _hb_ntxBlockWrite          004d9a8c f   NTX:dbfntx1.obj
 0001:000d89cb       _hb_ntxBlockRead           004d99cb f   NTX:dbfntx1.obj
 0001:000d8c5e       _hb_ntxTagUpdateFlags      004d9c5e f   NTX:dbfntx1.obj
 0001:000d8dfa       _hb_ntxFreePageBuffer      004d9dfa f   NTX:dbfntx1.obj
 0001:000d8d63       _hb_ntxTagHeaderCheck      004d9d63 f   NTX:dbfntx1.obj
 0001:000d8f26       _hb_ntxPageFind            004d9f26 f   NTX:dbfntx1.obj
 0001:000d8f91       _hb_ntxPageGetBuffer       004d9f91 f   NTX:dbfntx1.obj
 0001:000d9266       _hb_ntxPageRelease         004da266 f   NTX:dbfntx1.obj
 0001:000d9352       _hb_ntxPageLoad            004da352 f   NTX:dbfntx1.obj
 0001:000d94de       _hb_ntxPageInit            004da4de f   NTX:dbfntx1.obj
 0001:000d9556       _hb_ntxPageAlloc           004da556 f   NTX:dbfntx1.obj
 0001:000d921f       _hb_ntxPageFree            004da21f f   NTX:dbfntx1.obj
 0001:000d8b43       _hb_ntxPageSave            004d9b43 f   NTX:dbfntx1.obj
 0001:000d95fa       _hb_ntxPageNew             004da5fa f   NTX:dbfntx1.obj
 0001:000d998f       _hb_ntxTagFree             004da98f f   NTX:dbfntx1.obj
 0001:000d979d       _hb_ntxTagNew              004da79d f   NTX:dbfntx1.obj
 0001:000d7fa2       _hb_ntxGetKeyType          004d8fa2 f   NTX:dbfntx1.obj
 0001:000d974a       _hb_ntxPageGetFree         004da74a f   NTX:dbfntx1.obj
 0001:000d9fbe       _hb_ntxIndexTagAdd         004dafbe f   NTX:dbfntx1.obj
 0001:000d96dd       _hb_ntxPageAddFree         004da6dd f   NTX:dbfntx1.obj
 0001:000d9c49       _hb_ntxTagLoad             004dac49 f   NTX:dbfntx1.obj
 0001:000d9bb1       _hb_ntxTagAdd              004dabb1 f   NTX:dbfntx1.obj
 0001:000d8bb1       _hb_ntxDiscardBuffers      004d9bb1 f   NTX:dbfntx1.obj
 0001:000da164       _hb_ntxIndexTagFind        004db164 f   NTX:dbfntx1.obj
 0001:000da1d0       _hb_ntxTagHeaderSave       004db1d0 f   NTX:dbfntx1.obj
 0001:000da889       _hb_ntxIndexHeaderSave     004db889 f   NTX:dbfntx1.obj
 0001:000dabdb       _hb_ntxIndexHeaderRead     004dbbdb f   NTX:dbfntx1.obj
 0001:000dae33       _hb_ntxIndexFlush          004dbe33 f   NTX:dbfntx1.obj
 0001:000daf69       _hb_ntxIndexLockRead       004dbf69 f   NTX:dbfntx1.obj
 0001:000db1c5       _hb_ntxIndexUnLockRead     004dc1c5 f   NTX:dbfntx1.obj
 0001:000db08d       _hb_ntxIndexLockWrite      004dc08d f   NTX:dbfntx1.obj
 0001:000db2a9       _hb_ntxIndexUnLockWrite    004dc2a9 f   NTX:dbfntx1.obj
 0001:000db526       _hb_ntxTagSetPageStack     004dc526 f   NTX:dbfntx1.obj
 0001:000db5d5       _hb_ntxPageTopMove         004dc5d5 f   NTX:dbfntx1.obj
 0001:000db4ae       _hb_ntxPageGetKey          004dc4ae f   NTX:dbfntx1.obj
 0001:000db65a       _hb_ntxPageBottomMove      004dc65a f   NTX:dbfntx1.obj
 0001:000dbc20       _hb_ntxPageKeyFind         004dcc20 f   NTX:dbfntx1.obj
 0001:000dbe05       _hb_ntxPageFindRecNo       004dce05 f   NTX:dbfntx1.obj
 0001:000db84b       _hb_ntxTagNextKey          004dc84b f   NTX:dbfntx1.obj
 0001:000dba4a       _hb_ntxTagPrevKey          004dca4a f   NTX:dbfntx1.obj
 0001:000dc26c       _hb_ntxPageKeySet          004dd26c f   NTX:dbfntx1.obj
 0001:000dc35f       _hb_ntxPageKeyDel          004dd35f f   NTX:dbfntx1.obj
 0001:000dbe61       _hb_ntxTagKeyFind          004dce61 f   NTX:dbfntx1.obj
 0001:000d7900       _hb_ntxKeyCopy             004d8900 f   NTX:dbfntx1.obj
 0001:000dc2cc       _hb_ntxPageKeyAdd          004dd2cc f   NTX:dbfntx1.obj
 0001:000dc85f       _hb_ntxBalancePages        004dd85f f   NTX:dbfntx1.obj
 0001:000dc3d5       _hb_ntxPageSplit           004dd3d5 f   NTX:dbfntx1.obj
 0001:000dc711       _hb_ntxPageJoin            004dd711 f   NTX:dbfntx1.obj
 0001:000d8080       _hb_ntxEvalKey             004d9080 f   NTX:dbfntx1.obj
 0001:000d849c       _hb_ntxKeyInScope          004d949c f   NTX:dbfntx1.obj
 0001:000d8983       _hb_ntxCheckRecordScope    004d9983 f   NTX:dbfntx1.obj
 0001:000db7ac       _hb_ntxTagBottomKey        004dc7ac f   NTX:dbfntx1.obj
 0001:000db71b       _hb_ntxTagTopKey           004dc71b f   NTX:dbfntx1.obj
 0001:000dda72       _hb_ntxTagSkipFilter       004dea72 f   NTX:dbfntx1.obj
 0001:000ddbe2       _hb_ntxTagGoTop            004debe2 f   NTX:dbfntx1.obj
 0001:000ddce6       _hb_ntxTagGoBottom         004dece6 f   NTX:dbfntx1.obj
 0001:000de032       _hb_ntxPageCountKeys       004df032 f   NTX:dbfntx1.obj
 0001:000de3ac       _hb_ntxTagPagesFree        004df3ac f   NTX:dbfntx1.obj
 0001:000da0af       _hb_ntxIndexTagDel         004db0af f   NTX:dbfntx1.obj
 0001:000d9ac6       _hb_ntxTagDelete           004daac6 f   NTX:dbfntx1.obj
 0001:000de7f2       _hb_ntxFindBag             004df7f2 f   NTX:dbfntx1.obj
 0001:000de93c       _hb_ntxFindTagByName       004df93c f   NTX:dbfntx1.obj
 0001:000db380       _hb_ntxTagLockRead         004dc380 f   NTX:dbfntx1.obj
 0001:000d8894       _hb_ntxTagRefreshScope     004d9894 f   NTX:dbfntx1.obj
 0001:000dddea       _hb_ntxTagSkipNext         004dedea f   NTX:dbfntx1.obj
 0001:000db480       _hb_ntxTagUnLockRead       004dc480 f   NTX:dbfntx1.obj
 0001:000dd7b2       _hb_ntxCurKeyRefresh       004de7b2 f   NTX:dbfntx1.obj
 0001:000ddf25       _hb_ntxTagSkipPrev         004def25 f   NTX:dbfntx1.obj
 0001:000de0da       _hb_ntxTagCountRelKeyPos   004df0da f   NTX:dbfntx1.obj
 0001:000de1d5       _hb_ntxTagGoToRelKeyPos    004df1d5 f   NTX:dbfntx1.obj
 0001:000d7f1f       _hb_ntxEvalSeekCond        004d8f1f f   NTX:dbfntx1.obj
 0001:000e0298       _hb_ntxRegexMatch          004e1298 f   NTX:dbfntx1.obj
 0001:000d7e9f       _hb_ntxEvalCond            004d8e9f f   NTX:dbfntx1.obj
 0001:000db3ff       _hb_ntxTagLockWrite        004dc3ff f   NTX:dbfntx1.obj
 0001:000dcc11       _hb_ntxTagKeyAdd           004ddc11 f   NTX:dbfntx1.obj
 0001:000db497       _hb_ntxTagUnLockWrite      004dc497 f   NTX:dbfntx1.obj
 0001:000dd2d9       _hb_ntxTagKeyDel           004de2d9 f   NTX:dbfntx1.obj
 0001:000d87c5       _hb_ntxTagGetScope         004d97c5 f   NTX:dbfntx1.obj
 0001:000d85f5       _hb_ntxTagSetScope         004d95f5 f   NTX:dbfntx1.obj
 0001:000e0d04       _hb_ntxQSort               004e1d04 f   NTX:dbfntx1.obj
 0001:000e0c70       _hb_ntxQuickSortCompare    004e1c70 f   NTX:dbfntx1.obj
 0001:000e0f3e       _hb_ntxSortBufferFlush     004e1f3e f   NTX:dbfntx1.obj
 0001:000e1028       _hb_ntxSortStorePage       004e2028 f   NTX:dbfntx1.obj
 0001:000e0edc       _hb_ntxSortSortPage        004e1edc f   NTX:dbfntx1.obj
 0001:000e147d       _hb_ntxSortGetPageKey      004e247d f   NTX:dbfntx1.obj
 0001:000e12d2       _hb_ntxSortWritePage       004e22d2 f   NTX:dbfntx1.obj
 0001:000e1673       _hb_ntxSortOrderPages      004e2673 f   NTX:dbfntx1.obj
 0001:000e1861       _hb_ntxSortKeyGet          004e2861 f   NTX:dbfntx1.obj
 0001:000e119d       _hb_ntxSortAddNodeKey      004e219d f   NTX:dbfntx1.obj
 0001:000e1e87       _hb_ntxSortFree            004e2e87 f   NTX:dbfntx1.obj
 0001:000e1be7       _hb_ntxSortNew             004e2be7 f   NTX:dbfntx1.obj
 0001:000e1b2a       _hb_ntxSortKeyAdd          004e2b2a f   NTX:dbfntx1.obj
 0001:000e1fb1       _hb_ntxSortOut             004e2fb1 f   NTX:dbfntx1.obj
 0001:000d8ea9       _hb_ntxIndexTrunc          004d9ea9 f   NTX:dbfntx1.obj
 0001:000e2467       _hb_ntxTagCreate           004e3467 f   NTX:dbfntx1.obj
 0001:000da762       _hb_ntxIndexFree           004db762 f   NTX:dbfntx1.obj
 0001:000de538       _hb_ntxCreateFName         004df538 f   NTX:dbfntx1.obj
 0001:000da71f       _hb_ntxIndexNew            004db71f f   NTX:dbfntx1.obj
 0001:000da97d       _hb_ntxIndexLoad           004db97d f   NTX:dbfntx1.obj
 0001:000de99a       _hb_ntxFindTag             004df99a f   NTX:dbfntx1.obj
 0001:000de4a8       _hb_ntxTagSpaceFree        004df4a8 f   NTX:dbfntx1.obj
 0001:000debff       _hb_ntxFindTagNum          004dfbff f   NTX:dbfntx1.obj
 0001:000dec9d       _hb_ntxOrdKeyCount         004dfc9d f   NTX:dbfntx1.obj
 0001:000defeb       _hb_ntxOrdKeyGoto          004dffeb f   NTX:dbfntx1.obj
 0001:000dedaa       _hb_ntxOrdKeyNo            004dfdaa f   NTX:dbfntx1.obj
 0001:000df33c       _hb_ntxOrdSetRelKeyPos     004e033c f   NTX:dbfntx1.obj
 0001:000df0fb       _hb_ntxOrdGetRelKeyPos     004e00fb f   NTX:dbfntx1.obj
 0001:000e06b3       _hb_ntxOrdKeyAdd           004e16b3 f   NTX:dbfntx1.obj
 0001:000e0834       _hb_ntxOrdKeyDel           004e1834 f   NTX:dbfntx1.obj
 0001:000df705       _hb_ntxOrdSkipUnique       004e0705 f   NTX:dbfntx1.obj
 0001:000df9e8       _hb_ntxOrdSkipEval         004e09e8 f   NTX:dbfntx1.obj
 0001:000dfd31       _hb_ntxOrdSkipWild         004e0d31 f   NTX:dbfntx1.obj
 0001:000e0330       _hb_ntxOrdSkipRegEx        004e1330 f   NTX:dbfntx1.obj
 0001:000e09f9       _hb_ntxOrdFindRec          004e19f9 f   NTX:dbfntx1.obj
 0001:000e0b47       _hb_ntxOrdScopeEval        004e1b47 f   NTX:dbfntx1.obj
 0001:000e2f3a       _hb_ntxReIndex             004e3f3a f   NTX:dbfntx1.obj
 0001:000e80e9       _hb_dbfntxRddInit          004e90e9 f   NTX:dbfntx1.obj
 0001:000e2ff7       _hb_ntxGoBottom            004e3ff7 f   NTX:dbfntx1.obj
 0001:000e315d       _hb_ntxGoTop               004e415d f   NTX:dbfntx1.obj
 0001:000e32c3       _hb_ntxSeek                004e42c3 f   NTX:dbfntx1.obj
 0001:000e36fd       _hb_ntxSkipRaw             004e46fd f   NTX:dbfntx1.obj
 0001:000e39a7       _hb_ntxFlush               004e49a7 f   NTX:dbfntx1.obj
 0001:000e3a3b       _hb_ntxGoCold              004e4a3b f   NTX:dbfntx1.obj
 0001:000e3f02       _hb_ntxGoHot               004e4f02 f   NTX:dbfntx1.obj
 0001:000e4016       _hb_ntxClose               004e5016 f   NTX:dbfntx1.obj
 0001:000e40f2       _hb_ntxOpen                004e50f2 f   NTX:dbfntx1.obj
 0001:000e40e0       _hb_ntxStructSize          004e50e0 f   NTX:dbfntx1.obj
 0001:000e42b3       _hb_ntxPack                004e52b3 f   NTX:dbfntx1.obj
 0001:000e42f4       _hb_ntxZap                 004e52f4 f   NTX:dbfntx1.obj
 0001:000e74be       _hb_ntxOrderListAdd        004e84be f   NTX:dbfntx1.obj
 0001:000e7860       _hb_ntxOrderListClear      004e8860 f   NTX:dbfntx1.obj
 0001:000e7958       _hb_ntxOrderListDelete     004e8958 f   NTX:dbfntx1.obj
 0001:000e7aa8       _hb_ntxOrderListFocus      004e8aa8 f   NTX:dbfntx1.obj
 0001:000e7b2d       _hb_ntxOrderListRebuild    004e8b2d f   NTX:dbfntx1.obj
 0001:000e4335       _hb_ntxOrderCreate         004e5335 f   NTX:dbfntx1.obj
 0001:000e5563       _hb_ntxOrderDestroy        004e6563 f   NTX:dbfntx1.obj
 0001:000e5787       _hb_ntxOrderInfo           004e6787 f   NTX:dbfntx1.obj
 0001:000e7c8d       _hb_ntxCountScope          004e8c8d f   NTX:dbfntx1.obj
 0001:000e7cc0       _hb_ntxInit                004e8cc0 f   NTX:dbfntx1.obj
 0001:000e7d2a       _hb_ntxRddInfo             004e8d2a f   NTX:dbfntx1.obj
 0001:000e818f       __hb_dbfntx_rdd_init_      004e918f f   NTX:dbfntx1.obj
 0001:000e814a       _dbfntx1__InitSymbols      004e914a f   NTX:dbfntx1.obj
 0001:000e8340       _prout                     004e9340 f   crt:sprintf.obj
 0001:000e83a0       _prout                     004e93a0 f   crt:printf.obj
 0001:000e86b0       _scin                      004e96b0 f   crt:sscanf.obj
 0001:000e8720       _closeall                  004e9720 f   crt:fclose.obj
 0001:000e9330       _grabhunk                  004ea330 f   crt:malloc.obj
 0001:000ea3b0       _prout                     004eb3b0 f   crt:vfprintf.obj
 0001:000ea800       _prout                     004eb800 f   crt:fprintf.obj
 0001:000eab50       _swap                      004ebb50 f   crt:qsort.obj
 0001:000ead80       _med3                      004ebd80 f   crt:qsort.obj
 0001:000eadf0       _median                    004ebdf0 f   crt:qsort.obj
 0001:000eac00       _rot3                      004ebc00 f   crt:qsort.obj
 0001:000eaf90       _intro_sort                004ebf90 f   crt:qsort.obj
 0001:000eaec0       _adjust_heap               004ebec0 f   crt:qsort.obj
 0001:000eace0       _rotate                    004ebce0 f   crt:qsort.obj
 0001:000ebac0       _parse_cmdline             004ecac0 f   crt:_setargv.obj
 0001:000ed0c0       _comexecmd                 004ee0c0 f   crt:spawnve.obj
 0001:000ed9e0       _ctrlevent_capture@4       004ee9e0 f   crt:signal.obj
 0001:000f03c0       _rangematch                004f13c0 f   crt:_getstr.obj
 0001:000f2e70       _dmul                      004f3e70 f   crt:_fppow10l.obj
 0001:000f5a80       _hb_gt_FuncInit            004f6a80 f   xHB:gtwin.obj
 0001:000f3d60       _hb_gt_win_xSetCursorStyle 004f4d60 f   xHB:gtwin.obj
 0001:000f3d30       _hb_gt_win_xSetCursorPos   004f4d30 f   xHB:gtwin.obj
 0001:000f4030       _hb_gt_win_xGetScreenContents 004f5030 f   xHB:gtwin.obj
 0001:000f3fe0       _hb_gt_win_CtrlHandler@4   004f4fe0 f   xHB:gtwin.obj
 0001:000f40d0       _hb_gt_win_xInitScreenParam 004f50d0 f   xHB:gtwin.obj
 0001:000f4860       _Handle_Alt_Key            004f5860 f   xHB:gtwin.obj
 0001:000f4990       _SpecialHandling           004f5990 f   xHB:gtwin.obj
 0001:000f3ba0       _hb_gt_win_getKbdState     004f4ba0 f   xHB:gtwin.obj
 0001:000f3f30       _hb_gt_win_xUpdtSet        004f4f30 f   xHB:gtwin.obj
 0001:000f3df0       _hb_gt_win_xScreenUpdate   004f4df0 f   xHB:gtwin.obj
 0001:000f4250       _hb_gt_win_Init            004f5250 f   xHB:gtwin.obj
 0001:000f4570       _hb_gt_win_Exit            004f5570 f   xHB:gtwin.obj
 0001:000f4630       _hb_gt_win_SetMode         004f5630 f   xHB:gtwin.obj
 0001:000f5900       _hb_gt_win_Redraw          004f6900 f   xHB:gtwin.obj
 0001:000f59f0       _hb_gt_win_Refresh         004f69f0 f   xHB:gtwin.obj
 0001:000f4750       _hb_gt_win_Version         004f5750 f   xHB:gtwin.obj
 0001:000f4770       _hb_gt_win_PostExt         004f5770 f   xHB:gtwin.obj
 0001:000f47a0       _hb_gt_win_Suspend         004f57a0 f   xHB:gtwin.obj
 0001:000f47f0       _hb_gt_win_Resume          004f57f0 f   xHB:gtwin.obj
 0001:000f5280       _hb_gt_win_Tone            004f6280 f   xHB:gtwin.obj
 0001:000f5440       _hb_gt_win_Info            004f6440 f   xHB:gtwin.obj
 0001:000f52a0       _hb_gt_win_SetDispCP       004f62a0 f   xHB:gtwin.obj
 0001:000f5380       _hb_gt_win_SetKeyCP        004f6380 f   xHB:gtwin.obj
 0001:000f4be0       _hb_gt_win_ReadKey         004f5be0 f   xHB:gtwin.obj
 0001:000f5840       _hb_gt_win_mouse_IsPresent 004f6840 f   xHB:gtwin.obj
 0001:000f5850       _hb_gt_win_mouse_GetPos    004f6850 f   xHB:gtwin.obj
 0001:000f5870       _hb_gt_win_mouse_ButtonState 004f6870 f   xHB:gtwin.obj
 0001:000f58e0       _hb_gt_win_mouse_CountButton 004f68e0 f   xHB:gtwin.obj
 0001:000f5b90       __hb_startup_gt_Init_      004f6b90 f   xHB:gtwin.obj
 0001:000f5e10       _hb_Outp9x                 004f6e10 f   xHB:gttone.obj
 0001:000f5df0       _hb_Inp9x                  004f6df0 f   xHB:gttone.obj
 0001:000f5f30       _hb_gt_wNtTone             004f6f30 f   xHB:gttone.obj
 0001:000f5e30       _hb_gt_w9xTone             004f6e30 f   xHB:gttone.obj
